<?xml version="1.0"?>
<testsuites>
  <testsuite name="PhantomJS 1.9.7 (Mac OS X)" package="" timestamp="2014-08-16T16:49:37" id="0" hostname="MacBook-Pro.local" tests="18" errors="1" failures="18" time="0.056">
    <properties>
      <property name="browser.fullName" value="Mozilla/5.0 (Macintosh; Intel Mac OS X) AppleWebKit/534.34 (KHTML, like Gecko) PhantomJS/1.9.7 Safari/534.34"/>
    </properties>
    <testcase name="should ..." time="0.03" classname="PhantomJS 1.9.7 (Mac OS X).Controller: BlogCtrl">
      <failure type="">Error: [$injector:modulerr] Failed to instantiate module gtdhubApp due to:
Error: [$injector:modulerr] Failed to instantiate module contenteditable due to:
Error: [$injector:nomod] Module &apos;contenteditable&apos; is not available! You either misspelled the module name or forgot to load it. If registering a module ensure that you specify the dependencies as the second argument.
http://errors.angularjs.org/1.2.20/$injector/nomod?p0=contenteditable
    at /Users/iBook/Neteagles/gtdhub/client/bower_components/angular/angular.js:1651
    at ensure (/Users/iBook/Neteagles/gtdhub/client/bower_components/angular/angular.js:1573)
    at module (/Users/iBook/Neteagles/gtdhub/client/bower_components/angular/angular.js:1863)
    at /Users/iBook/Neteagles/gtdhub/client/bower_components/angular/angular.js:3830
http://errors.angularjs.org/1.2.20/$injector/modulerr?p0=contenteditable&amp;p1=Error%3A%20%5B%24injector%3Anomod%5D%20Module%20&apos;contenteditable&apos;%20is%20not%20available!%20You%20either%20misspelled%20the%20module%20name%20or%20forgot%20to%20load%20it.%20If%20registering%20a%20module%20ensure%20that%20you%20specify%20the%20dependencies%20as%20the%20second%20argument.%0Ahttp%3A%2F%2Ferrors.angularjs.org%2F1.2.20%2F%24injector%2Fnomod%3Fp0%3Dcontenteditable%0A%20%20%20%20at%20http%3A%2F%2Flocalhost%3A8080%2Fbase%2Fclient%2Fbower_components%2Fangular%2Fangular.js%3F4f18e0198a2e909d3ea4b4886ed0f486b23a9680%3A1651%0A%20%20%20%20at%20ensure%20(http%3A%2F%2Flocalhost%3A8080%2Fbase%2Fclient%2Fbower_components%2Fangular%2Fangular.js%3F4f18e0198a2e909d3ea4b4886ed0f486b23a9680%3A1573)%0A%20%20%20%20at%20module%20(http%3A%2F%2Flocalhost%3A8080%2Fbase%2Fclient%2Fbower_components%2Fangular%2Fangular.js%3F4f18e0198a2e909d3ea4b4886ed0f486b23a9680%3A1863)%0A%20%20%20%20at%20http%3A%2F%2Flocalhost%3A8080%2Fbase%2Fclient%2Fbower_components%2Fangular%2Fangular.js%3F4f18e0198a2e909d3ea4b4886ed0f486b23a9680%3A3830
    at /Users/iBook/Neteagles/gtdhub/client/bower_components/angular/angular.js:3859
http://errors.angularjs.org/1.2.20/$injector/modulerr?p0=gtdhubApp&amp;p1=Error%3A%20%5B%24injector%3Amodulerr%5D%20Failed%20to%20instantiate%20module%20contenteditable%20due%20to%3A%0AError%3A%20%5B%24injector%3Anomod%5D%20Module%20&apos;contenteditable&apos;%20is%20not%20available!%20You%20either%20misspelled%20the%20module%20name%20or%20forgot%20to%20load%20it.%20If%20registering%20a%20module%20ensure%20that%20you%20specify%20the%20dependencies%20as%20the%20second%20argument.%0Ahttp%3A%2F%2Ferrors.angularjs.org%2F1.2.20%2F%24injector%2Fnomod%3Fp0%3Dcontenteditable%0A%20%20%20%20at%20http%3A%2F%2Flocalhost%3A8080%2Fbase%2Fclient%2Fbower_components%2Fangular%2Fangular.js%3F4f18e0198a2e909d3ea4b4886ed0f486b23a9680%3A1651%0A%20%20%20%20at%20ensure%20(http%3A%2F%2Flocalhost%3A8080%2Fbase%2Fclient%2Fbower_components%2Fangular%2Fangular.js%3F4f18e0198a2e909d3ea4b4886ed0f486b23a9680%3A1573)%0A%20%20%20%20at%20module%20(http%3A%2F%2Flocalhost%3A8080%2Fbase%2Fclient%2Fbower_components%2Fangular%2Fangular.js%3F4f18e0198a2e909d3ea4b4886ed0f486b23a9680%3A1863)%0A%20%20%20%20at%20http%3A%2F%2Flocalhost%3A8080%2Fbase%2Fclient%2Fbower_components%2Fangular%2Fangular.js%3F4f18e0198a2e909d3ea4b4886ed0f486b23a9680%3A3830%0Ahttp%3A%2F%2Ferrors.angularjs.org%2F1.2.20%2F%24injector%2Fmodulerr%3Fp0%3Dcontenteditable%26p1%3DError%253A%2520%255B%2524injector%253Anomod%255D%2520Module%2520&apos;contenteditable&apos;%2520is%2520not%2520available!%2520You%2520either%2520misspelled%2520the%2520module%2520name%2520or%2520forgot%2520to%2520load%2520it.%2520If%2520registering%2520a%2520module%2520ensure%2520that%2520you%2520specify%2520the%2520dependencies%2520as%2520the%2520second%2520argument.%250Ahttp%253A%252F%252Ferrors.angularjs.org%252F1.2.20%252F%2524injector%252Fnomod%253Fp0%253Dcontenteditable%250A%2520%2520%2520%2520at%2520http%253A%252F%252Flocalhost%253A8080%252Fbase%252Fclient%252Fbower_components%252Fangular%252Fangular.js%253F4f18e0198a2e909d3ea4b4886ed0f486b23a9680%253A1651%250A%2520%2520%2520%2520at%2520ensure%2520(http%253A%252F%252Flocalhost%253A8080%252Fbase%252Fclient%252Fbower_components%252Fangular%252Fangular.js%253F4f18e0198a2e909d3ea4b4886ed0f486b23a9680%253A1573)%250A%2520%2520%2520%2520at%2520module%2520(http%253A%252F%252Flocalhost%253A8080%252Fbase%252Fclient%252Fbower_components%252Fangular%252Fangular.js%253F4f18e0198a2e909d3ea4b4886ed0f486b23a9680%253A1863)%250A%2520%2520%2520%2520at%2520http%253A%252F%252Flocalhost%253A8080%252Fbase%252Fclient%252Fbower_components%252Fangular%252Fangular.js%253F4f18e0198a2e909d3ea4b4886ed0f486b23a9680%253A3830%0A%20%20%20%20at%20http%3A%2F%2Flocalhost%3A8080%2Fbase%2Fclient%2Fbower_components%2Fangular%2Fangular.js%3F4f18e0198a2e909d3ea4b4886ed0f486b23a9680%3A3859
    at /Users/iBook/Neteagles/gtdhub/client/bower_components/angular/angular.js:3859
</failure>
    </testcase>
    <testcase name="should ..." time="0.002" classname="PhantomJS 1.9.7 (Mac OS X).Controller: CardsCtrl">
      <failure type="">Error: [$injector:modulerr] Failed to instantiate module gtdhubApp due to:
Error: [$injector:modulerr] Failed to instantiate module contenteditable due to:
Error: [$injector:nomod] Module &apos;contenteditable&apos; is not available! You either misspelled the module name or forgot to load it. If registering a module ensure that you specify the dependencies as the second argument.
http://errors.angularjs.org/1.2.20/$injector/nomod?p0=contenteditable
    at /Users/iBook/Neteagles/gtdhub/client/bower_components/angular/angular.js:1651
    at ensure (/Users/iBook/Neteagles/gtdhub/client/bower_components/angular/angular.js:1573)
    at module (/Users/iBook/Neteagles/gtdhub/client/bower_components/angular/angular.js:1863)
    at /Users/iBook/Neteagles/gtdhub/client/bower_components/angular/angular.js:3830
http://errors.angularjs.org/1.2.20/$injector/modulerr?p0=contenteditable&amp;p1=Error%3A%20%5B%24injector%3Anomod%5D%20Module%20&apos;contenteditable&apos;%20is%20not%20available!%20You%20either%20misspelled%20the%20module%20name%20or%20forgot%20to%20load%20it.%20If%20registering%20a%20module%20ensure%20that%20you%20specify%20the%20dependencies%20as%20the%20second%20argument.%0Ahttp%3A%2F%2Ferrors.angularjs.org%2F1.2.20%2F%24injector%2Fnomod%3Fp0%3Dcontenteditable%0A%20%20%20%20at%20http%3A%2F%2Flocalhost%3A8080%2Fbase%2Fclient%2Fbower_components%2Fangular%2Fangular.js%3F4f18e0198a2e909d3ea4b4886ed0f486b23a9680%3A1651%0A%20%20%20%20at%20ensure%20(http%3A%2F%2Flocalhost%3A8080%2Fbase%2Fclient%2Fbower_components%2Fangular%2Fangular.js%3F4f18e0198a2e909d3ea4b4886ed0f486b23a9680%3A1573)%0A%20%20%20%20at%20module%20(http%3A%2F%2Flocalhost%3A8080%2Fbase%2Fclient%2Fbower_components%2Fangular%2Fangular.js%3F4f18e0198a2e909d3ea4b4886ed0f486b23a9680%3A1863)%0A%20%20%20%20at%20http%3A%2F%2Flocalhost%3A8080%2Fbase%2Fclient%2Fbower_components%2Fangular%2Fangular.js%3F4f18e0198a2e909d3ea4b4886ed0f486b23a9680%3A3830
    at /Users/iBook/Neteagles/gtdhub/client/bower_components/angular/angular.js:3859
http://errors.angularjs.org/1.2.20/$injector/modulerr?p0=gtdhubApp&amp;p1=Error%3A%20%5B%24injector%3Amodulerr%5D%20Failed%20to%20instantiate%20module%20contenteditable%20due%20to%3A%0AError%3A%20%5B%24injector%3Anomod%5D%20Module%20&apos;contenteditable&apos;%20is%20not%20available!%20You%20either%20misspelled%20the%20module%20name%20or%20forgot%20to%20load%20it.%20If%20registering%20a%20module%20ensure%20that%20you%20specify%20the%20dependencies%20as%20the%20second%20argument.%0Ahttp%3A%2F%2Ferrors.angularjs.org%2F1.2.20%2F%24injector%2Fnomod%3Fp0%3Dcontenteditable%0A%20%20%20%20at%20http%3A%2F%2Flocalhost%3A8080%2Fbase%2Fclient%2Fbower_components%2Fangular%2Fangular.js%3F4f18e0198a2e909d3ea4b4886ed0f486b23a9680%3A1651%0A%20%20%20%20at%20ensure%20(http%3A%2F%2Flocalhost%3A8080%2Fbase%2Fclient%2Fbower_components%2Fangular%2Fangular.js%3F4f18e0198a2e909d3ea4b4886ed0f486b23a9680%3A1573)%0A%20%20%20%20at%20module%20(http%3A%2F%2Flocalhost%3A8080%2Fbase%2Fclient%2Fbower_components%2Fangular%2Fangular.js%3F4f18e0198a2e909d3ea4b4886ed0f486b23a9680%3A1863)%0A%20%20%20%20at%20http%3A%2F%2Flocalhost%3A8080%2Fbase%2Fclient%2Fbower_components%2Fangular%2Fangular.js%3F4f18e0198a2e909d3ea4b4886ed0f486b23a9680%3A3830%0Ahttp%3A%2F%2Ferrors.angularjs.org%2F1.2.20%2F%24injector%2Fmodulerr%3Fp0%3Dcontenteditable%26p1%3DError%253A%2520%255B%2524injector%253Anomod%255D%2520Module%2520&apos;contenteditable&apos;%2520is%2520not%2520available!%2520You%2520either%2520misspelled%2520the%2520module%2520name%2520or%2520forgot%2520to%2520load%2520it.%2520If%2520registering%2520a%2520module%2520ensure%2520that%2520you%2520specify%2520the%2520dependencies%2520as%2520the%2520second%2520argument.%250Ahttp%253A%252F%252Ferrors.angularjs.org%252F1.2.20%252F%2524injector%252Fnomod%253Fp0%253Dcontenteditable%250A%2520%2520%2520%2520at%2520http%253A%252F%252Flocalhost%253A8080%252Fbase%252Fclient%252Fbower_components%252Fangular%252Fangular.js%253F4f18e0198a2e909d3ea4b4886ed0f486b23a9680%253A1651%250A%2520%2520%2520%2520at%2520ensure%2520(http%253A%252F%252Flocalhost%253A8080%252Fbase%252Fclient%252Fbower_components%252Fangular%252Fangular.js%253F4f18e0198a2e909d3ea4b4886ed0f486b23a9680%253A1573)%250A%2520%2520%2520%2520at%2520module%2520(http%253A%252F%252Flocalhost%253A8080%252Fbase%252Fclient%252Fbower_components%252Fangular%252Fangular.js%253F4f18e0198a2e909d3ea4b4886ed0f486b23a9680%253A1863)%250A%2520%2520%2520%2520at%2520http%253A%252F%252Flocalhost%253A8080%252Fbase%252Fclient%252Fbower_components%252Fangular%252Fangular.js%253F4f18e0198a2e909d3ea4b4886ed0f486b23a9680%253A3830%0A%20%20%20%20at%20http%3A%2F%2Flocalhost%3A8080%2Fbase%2Fclient%2Fbower_components%2Fangular%2Fangular.js%3F4f18e0198a2e909d3ea4b4886ed0f486b23a9680%3A3859
    at /Users/iBook/Neteagles/gtdhub/client/bower_components/angular/angular.js:3859
</failure>
    </testcase>
    <testcase name="should ..." time="0.001" classname="PhantomJS 1.9.7 (Mac OS X).Controller: HistoryCtrl">
      <failure type="">Error: [$injector:modulerr] Failed to instantiate module gtdhubApp due to:
Error: [$injector:modulerr] Failed to instantiate module contenteditable due to:
Error: [$injector:nomod] Module &apos;contenteditable&apos; is not available! You either misspelled the module name or forgot to load it. If registering a module ensure that you specify the dependencies as the second argument.
http://errors.angularjs.org/1.2.20/$injector/nomod?p0=contenteditable
    at /Users/iBook/Neteagles/gtdhub/client/bower_components/angular/angular.js:1651
    at ensure (/Users/iBook/Neteagles/gtdhub/client/bower_components/angular/angular.js:1573)
    at module (/Users/iBook/Neteagles/gtdhub/client/bower_components/angular/angular.js:1863)
    at /Users/iBook/Neteagles/gtdhub/client/bower_components/angular/angular.js:3830
http://errors.angularjs.org/1.2.20/$injector/modulerr?p0=contenteditable&amp;p1=Error%3A%20%5B%24injector%3Anomod%5D%20Module%20&apos;contenteditable&apos;%20is%20not%20available!%20You%20either%20misspelled%20the%20module%20name%20or%20forgot%20to%20load%20it.%20If%20registering%20a%20module%20ensure%20that%20you%20specify%20the%20dependencies%20as%20the%20second%20argument.%0Ahttp%3A%2F%2Ferrors.angularjs.org%2F1.2.20%2F%24injector%2Fnomod%3Fp0%3Dcontenteditable%0A%20%20%20%20at%20http%3A%2F%2Flocalhost%3A8080%2Fbase%2Fclient%2Fbower_components%2Fangular%2Fangular.js%3F4f18e0198a2e909d3ea4b4886ed0f486b23a9680%3A1651%0A%20%20%20%20at%20ensure%20(http%3A%2F%2Flocalhost%3A8080%2Fbase%2Fclient%2Fbower_components%2Fangular%2Fangular.js%3F4f18e0198a2e909d3ea4b4886ed0f486b23a9680%3A1573)%0A%20%20%20%20at%20module%20(http%3A%2F%2Flocalhost%3A8080%2Fbase%2Fclient%2Fbower_components%2Fangular%2Fangular.js%3F4f18e0198a2e909d3ea4b4886ed0f486b23a9680%3A1863)%0A%20%20%20%20at%20http%3A%2F%2Flocalhost%3A8080%2Fbase%2Fclient%2Fbower_components%2Fangular%2Fangular.js%3F4f18e0198a2e909d3ea4b4886ed0f486b23a9680%3A3830
    at /Users/iBook/Neteagles/gtdhub/client/bower_components/angular/angular.js:3859
http://errors.angularjs.org/1.2.20/$injector/modulerr?p0=gtdhubApp&amp;p1=Error%3A%20%5B%24injector%3Amodulerr%5D%20Failed%20to%20instantiate%20module%20contenteditable%20due%20to%3A%0AError%3A%20%5B%24injector%3Anomod%5D%20Module%20&apos;contenteditable&apos;%20is%20not%20available!%20You%20either%20misspelled%20the%20module%20name%20or%20forgot%20to%20load%20it.%20If%20registering%20a%20module%20ensure%20that%20you%20specify%20the%20dependencies%20as%20the%20second%20argument.%0Ahttp%3A%2F%2Ferrors.angularjs.org%2F1.2.20%2F%24injector%2Fnomod%3Fp0%3Dcontenteditable%0A%20%20%20%20at%20http%3A%2F%2Flocalhost%3A8080%2Fbase%2Fclient%2Fbower_components%2Fangular%2Fangular.js%3F4f18e0198a2e909d3ea4b4886ed0f486b23a9680%3A1651%0A%20%20%20%20at%20ensure%20(http%3A%2F%2Flocalhost%3A8080%2Fbase%2Fclient%2Fbower_components%2Fangular%2Fangular.js%3F4f18e0198a2e909d3ea4b4886ed0f486b23a9680%3A1573)%0A%20%20%20%20at%20module%20(http%3A%2F%2Flocalhost%3A8080%2Fbase%2Fclient%2Fbower_components%2Fangular%2Fangular.js%3F4f18e0198a2e909d3ea4b4886ed0f486b23a9680%3A1863)%0A%20%20%20%20at%20http%3A%2F%2Flocalhost%3A8080%2Fbase%2Fclient%2Fbower_components%2Fangular%2Fangular.js%3F4f18e0198a2e909d3ea4b4886ed0f486b23a9680%3A3830%0Ahttp%3A%2F%2Ferrors.angularjs.org%2F1.2.20%2F%24injector%2Fmodulerr%3Fp0%3Dcontenteditable%26p1%3DError%253A%2520%255B%2524injector%253Anomod%255D%2520Module%2520&apos;contenteditable&apos;%2520is%2520not%2520available!%2520You%2520either%2520misspelled%2520the%2520module%2520name%2520or%2520forgot%2520to%2520load%2520it.%2520If%2520registering%2520a%2520module%2520ensure%2520that%2520you%2520specify%2520the%2520dependencies%2520as%2520the%2520second%2520argument.%250Ahttp%253A%252F%252Ferrors.angularjs.org%252F1.2.20%252F%2524injector%252Fnomod%253Fp0%253Dcontenteditable%250A%2520%2520%2520%2520at%2520http%253A%252F%252Flocalhost%253A8080%252Fbase%252Fclient%252Fbower_components%252Fangular%252Fangular.js%253F4f18e0198a2e909d3ea4b4886ed0f486b23a9680%253A1651%250A%2520%2520%2520%2520at%2520ensure%2520(http%253A%252F%252Flocalhost%253A8080%252Fbase%252Fclient%252Fbower_components%252Fangular%252Fangular.js%253F4f18e0198a2e909d3ea4b4886ed0f486b23a9680%253A1573)%250A%2520%2520%2520%2520at%2520module%2520(http%253A%252F%252Flocalhost%253A8080%252Fbase%252Fclient%252Fbower_components%252Fangular%252Fangular.js%253F4f18e0198a2e909d3ea4b4886ed0f486b23a9680%253A1863)%250A%2520%2520%2520%2520at%2520http%253A%252F%252Flocalhost%253A8080%252Fbase%252Fclient%252Fbower_components%252Fangular%252Fangular.js%253F4f18e0198a2e909d3ea4b4886ed0f486b23a9680%253A3830%0A%20%20%20%20at%20http%3A%2F%2Flocalhost%3A8080%2Fbase%2Fclient%2Fbower_components%2Fangular%2Fangular.js%3F4f18e0198a2e909d3ea4b4886ed0f486b23a9680%3A3859
    at /Users/iBook/Neteagles/gtdhub/client/bower_components/angular/angular.js:3859
</failure>
    </testcase>
    <testcase name="should ..." time="0.001" classname="PhantomJS 1.9.7 (Mac OS X).Controller: StageCtrl">
      <failure type="">Error: [$injector:modulerr] Failed to instantiate module gtdhubApp due to:
Error: [$injector:modulerr] Failed to instantiate module contenteditable due to:
Error: [$injector:nomod] Module &apos;contenteditable&apos; is not available! You either misspelled the module name or forgot to load it. If registering a module ensure that you specify the dependencies as the second argument.
http://errors.angularjs.org/1.2.20/$injector/nomod?p0=contenteditable
    at /Users/iBook/Neteagles/gtdhub/client/bower_components/angular/angular.js:1651
    at ensure (/Users/iBook/Neteagles/gtdhub/client/bower_components/angular/angular.js:1573)
    at module (/Users/iBook/Neteagles/gtdhub/client/bower_components/angular/angular.js:1863)
    at /Users/iBook/Neteagles/gtdhub/client/bower_components/angular/angular.js:3830
http://errors.angularjs.org/1.2.20/$injector/modulerr?p0=contenteditable&amp;p1=Error%3A%20%5B%24injector%3Anomod%5D%20Module%20&apos;contenteditable&apos;%20is%20not%20available!%20You%20either%20misspelled%20the%20module%20name%20or%20forgot%20to%20load%20it.%20If%20registering%20a%20module%20ensure%20that%20you%20specify%20the%20dependencies%20as%20the%20second%20argument.%0Ahttp%3A%2F%2Ferrors.angularjs.org%2F1.2.20%2F%24injector%2Fnomod%3Fp0%3Dcontenteditable%0A%20%20%20%20at%20http%3A%2F%2Flocalhost%3A8080%2Fbase%2Fclient%2Fbower_components%2Fangular%2Fangular.js%3F4f18e0198a2e909d3ea4b4886ed0f486b23a9680%3A1651%0A%20%20%20%20at%20ensure%20(http%3A%2F%2Flocalhost%3A8080%2Fbase%2Fclient%2Fbower_components%2Fangular%2Fangular.js%3F4f18e0198a2e909d3ea4b4886ed0f486b23a9680%3A1573)%0A%20%20%20%20at%20module%20(http%3A%2F%2Flocalhost%3A8080%2Fbase%2Fclient%2Fbower_components%2Fangular%2Fangular.js%3F4f18e0198a2e909d3ea4b4886ed0f486b23a9680%3A1863)%0A%20%20%20%20at%20http%3A%2F%2Flocalhost%3A8080%2Fbase%2Fclient%2Fbower_components%2Fangular%2Fangular.js%3F4f18e0198a2e909d3ea4b4886ed0f486b23a9680%3A3830
    at /Users/iBook/Neteagles/gtdhub/client/bower_components/angular/angular.js:3859
http://errors.angularjs.org/1.2.20/$injector/modulerr?p0=gtdhubApp&amp;p1=Error%3A%20%5B%24injector%3Amodulerr%5D%20Failed%20to%20instantiate%20module%20contenteditable%20due%20to%3A%0AError%3A%20%5B%24injector%3Anomod%5D%20Module%20&apos;contenteditable&apos;%20is%20not%20available!%20You%20either%20misspelled%20the%20module%20name%20or%20forgot%20to%20load%20it.%20If%20registering%20a%20module%20ensure%20that%20you%20specify%20the%20dependencies%20as%20the%20second%20argument.%0Ahttp%3A%2F%2Ferrors.angularjs.org%2F1.2.20%2F%24injector%2Fnomod%3Fp0%3Dcontenteditable%0A%20%20%20%20at%20http%3A%2F%2Flocalhost%3A8080%2Fbase%2Fclient%2Fbower_components%2Fangular%2Fangular.js%3F4f18e0198a2e909d3ea4b4886ed0f486b23a9680%3A1651%0A%20%20%20%20at%20ensure%20(http%3A%2F%2Flocalhost%3A8080%2Fbase%2Fclient%2Fbower_components%2Fangular%2Fangular.js%3F4f18e0198a2e909d3ea4b4886ed0f486b23a9680%3A1573)%0A%20%20%20%20at%20module%20(http%3A%2F%2Flocalhost%3A8080%2Fbase%2Fclient%2Fbower_components%2Fangular%2Fangular.js%3F4f18e0198a2e909d3ea4b4886ed0f486b23a9680%3A1863)%0A%20%20%20%20at%20http%3A%2F%2Flocalhost%3A8080%2Fbase%2Fclient%2Fbower_components%2Fangular%2Fangular.js%3F4f18e0198a2e909d3ea4b4886ed0f486b23a9680%3A3830%0Ahttp%3A%2F%2Ferrors.angularjs.org%2F1.2.20%2F%24injector%2Fmodulerr%3Fp0%3Dcontenteditable%26p1%3DError%253A%2520%255B%2524injector%253Anomod%255D%2520Module%2520&apos;contenteditable&apos;%2520is%2520not%2520available!%2520You%2520either%2520misspelled%2520the%2520module%2520name%2520or%2520forgot%2520to%2520load%2520it.%2520If%2520registering%2520a%2520module%2520ensure%2520that%2520you%2520specify%2520the%2520dependencies%2520as%2520the%2520second%2520argument.%250Ahttp%253A%252F%252Ferrors.angularjs.org%252F1.2.20%252F%2524injector%252Fnomod%253Fp0%253Dcontenteditable%250A%2520%2520%2520%2520at%2520http%253A%252F%252Flocalhost%253A8080%252Fbase%252Fclient%252Fbower_components%252Fangular%252Fangular.js%253F4f18e0198a2e909d3ea4b4886ed0f486b23a9680%253A1651%250A%2520%2520%2520%2520at%2520ensure%2520(http%253A%252F%252Flocalhost%253A8080%252Fbase%252Fclient%252Fbower_components%252Fangular%252Fangular.js%253F4f18e0198a2e909d3ea4b4886ed0f486b23a9680%253A1573)%250A%2520%2520%2520%2520at%2520module%2520(http%253A%252F%252Flocalhost%253A8080%252Fbase%252Fclient%252Fbower_components%252Fangular%252Fangular.js%253F4f18e0198a2e909d3ea4b4886ed0f486b23a9680%253A1863)%250A%2520%2520%2520%2520at%2520http%253A%252F%252Flocalhost%253A8080%252Fbase%252Fclient%252Fbower_components%252Fangular%252Fangular.js%253F4f18e0198a2e909d3ea4b4886ed0f486b23a9680%253A3830%0A%20%20%20%20at%20http%3A%2F%2Flocalhost%3A8080%2Fbase%2Fclient%2Fbower_components%2Fangular%2Fangular.js%3F4f18e0198a2e909d3ea4b4886ed0f486b23a9680%3A3859
    at /Users/iBook/Neteagles/gtdhub/client/bower_components/angular/angular.js:3859
</failure>
    </testcase>
    <testcase name="should do something" time="0.002" classname="PhantomJS 1.9.7 (Mac OS X).Service: StageSrv">
      <failure type="">Error: [$injector:modulerr] Failed to instantiate module gtdhubApp due to:
Error: [$injector:modulerr] Failed to instantiate module contenteditable due to:
Error: [$injector:nomod] Module &apos;contenteditable&apos; is not available! You either misspelled the module name or forgot to load it. If registering a module ensure that you specify the dependencies as the second argument.
http://errors.angularjs.org/1.2.20/$injector/nomod?p0=contenteditable
    at /Users/iBook/Neteagles/gtdhub/client/bower_components/angular/angular.js:1651
    at ensure (/Users/iBook/Neteagles/gtdhub/client/bower_components/angular/angular.js:1573)
    at module (/Users/iBook/Neteagles/gtdhub/client/bower_components/angular/angular.js:1863)
    at /Users/iBook/Neteagles/gtdhub/client/bower_components/angular/angular.js:3830
http://errors.angularjs.org/1.2.20/$injector/modulerr?p0=contenteditable&amp;p1=Error%3A%20%5B%24injector%3Anomod%5D%20Module%20&apos;contenteditable&apos;%20is%20not%20available!%20You%20either%20misspelled%20the%20module%20name%20or%20forgot%20to%20load%20it.%20If%20registering%20a%20module%20ensure%20that%20you%20specify%20the%20dependencies%20as%20the%20second%20argument.%0Ahttp%3A%2F%2Ferrors.angularjs.org%2F1.2.20%2F%24injector%2Fnomod%3Fp0%3Dcontenteditable%0A%20%20%20%20at%20http%3A%2F%2Flocalhost%3A8080%2Fbase%2Fclient%2Fbower_components%2Fangular%2Fangular.js%3F4f18e0198a2e909d3ea4b4886ed0f486b23a9680%3A1651%0A%20%20%20%20at%20ensure%20(http%3A%2F%2Flocalhost%3A8080%2Fbase%2Fclient%2Fbower_components%2Fangular%2Fangular.js%3F4f18e0198a2e909d3ea4b4886ed0f486b23a9680%3A1573)%0A%20%20%20%20at%20module%20(http%3A%2F%2Flocalhost%3A8080%2Fbase%2Fclient%2Fbower_components%2Fangular%2Fangular.js%3F4f18e0198a2e909d3ea4b4886ed0f486b23a9680%3A1863)%0A%20%20%20%20at%20http%3A%2F%2Flocalhost%3A8080%2Fbase%2Fclient%2Fbower_components%2Fangular%2Fangular.js%3F4f18e0198a2e909d3ea4b4886ed0f486b23a9680%3A3830
    at /Users/iBook/Neteagles/gtdhub/client/bower_components/angular/angular.js:3859
http://errors.angularjs.org/1.2.20/$injector/modulerr?p0=gtdhubApp&amp;p1=Error%3A%20%5B%24injector%3Amodulerr%5D%20Failed%20to%20instantiate%20module%20contenteditable%20due%20to%3A%0AError%3A%20%5B%24injector%3Anomod%5D%20Module%20&apos;contenteditable&apos;%20is%20not%20available!%20You%20either%20misspelled%20the%20module%20name%20or%20forgot%20to%20load%20it.%20If%20registering%20a%20module%20ensure%20that%20you%20specify%20the%20dependencies%20as%20the%20second%20argument.%0Ahttp%3A%2F%2Ferrors.angularjs.org%2F1.2.20%2F%24injector%2Fnomod%3Fp0%3Dcontenteditable%0A%20%20%20%20at%20http%3A%2F%2Flocalhost%3A8080%2Fbase%2Fclient%2Fbower_components%2Fangular%2Fangular.js%3F4f18e0198a2e909d3ea4b4886ed0f486b23a9680%3A1651%0A%20%20%20%20at%20ensure%20(http%3A%2F%2Flocalhost%3A8080%2Fbase%2Fclient%2Fbower_components%2Fangular%2Fangular.js%3F4f18e0198a2e909d3ea4b4886ed0f486b23a9680%3A1573)%0A%20%20%20%20at%20module%20(http%3A%2F%2Flocalhost%3A8080%2Fbase%2Fclient%2Fbower_components%2Fangular%2Fangular.js%3F4f18e0198a2e909d3ea4b4886ed0f486b23a9680%3A1863)%0A%20%20%20%20at%20http%3A%2F%2Flocalhost%3A8080%2Fbase%2Fclient%2Fbower_components%2Fangular%2Fangular.js%3F4f18e0198a2e909d3ea4b4886ed0f486b23a9680%3A3830%0Ahttp%3A%2F%2Ferrors.angularjs.org%2F1.2.20%2F%24injector%2Fmodulerr%3Fp0%3Dcontenteditable%26p1%3DError%253A%2520%255B%2524injector%253Anomod%255D%2520Module%2520&apos;contenteditable&apos;%2520is%2520not%2520available!%2520You%2520either%2520misspelled%2520the%2520module%2520name%2520or%2520forgot%2520to%2520load%2520it.%2520If%2520registering%2520a%2520module%2520ensure%2520that%2520you%2520specify%2520the%2520dependencies%2520as%2520the%2520second%2520argument.%250Ahttp%253A%252F%252Ferrors.angularjs.org%252F1.2.20%252F%2524injector%252Fnomod%253Fp0%253Dcontenteditable%250A%2520%2520%2520%2520at%2520http%253A%252F%252Flocalhost%253A8080%252Fbase%252Fclient%252Fbower_components%252Fangular%252Fangular.js%253F4f18e0198a2e909d3ea4b4886ed0f486b23a9680%253A1651%250A%2520%2520%2520%2520at%2520ensure%2520(http%253A%252F%252Flocalhost%253A8080%252Fbase%252Fclient%252Fbower_components%252Fangular%252Fangular.js%253F4f18e0198a2e909d3ea4b4886ed0f486b23a9680%253A1573)%250A%2520%2520%2520%2520at%2520module%2520(http%253A%252F%252Flocalhost%253A8080%252Fbase%252Fclient%252Fbower_components%252Fangular%252Fangular.js%253F4f18e0198a2e909d3ea4b4886ed0f486b23a9680%253A1863)%250A%2520%2520%2520%2520at%2520http%253A%252F%252Flocalhost%253A8080%252Fbase%252Fclient%252Fbower_components%252Fangular%252Fangular.js%253F4f18e0198a2e909d3ea4b4886ed0f486b23a9680%253A3830%0A%20%20%20%20at%20http%3A%2F%2Flocalhost%3A8080%2Fbase%2Fclient%2Fbower_components%2Fangular%2Fangular.js%3F4f18e0198a2e909d3ea4b4886ed0f486b23a9680%3A3859
    at /Users/iBook/Neteagles/gtdhub/client/bower_components/angular/angular.js:3859
</failure>
      <failure type="">Expected false to be true.
</failure>
    </testcase>
    <testcase name="should do something" time="0.001" classname="PhantomJS 1.9.7 (Mac OS X).Service: Task">
      <failure type="">Error: [$injector:modulerr] Failed to instantiate module gtdhubApp due to:
Error: [$injector:modulerr] Failed to instantiate module contenteditable due to:
Error: [$injector:nomod] Module &apos;contenteditable&apos; is not available! You either misspelled the module name or forgot to load it. If registering a module ensure that you specify the dependencies as the second argument.
http://errors.angularjs.org/1.2.20/$injector/nomod?p0=contenteditable
    at /Users/iBook/Neteagles/gtdhub/client/bower_components/angular/angular.js:1651
    at ensure (/Users/iBook/Neteagles/gtdhub/client/bower_components/angular/angular.js:1573)
    at module (/Users/iBook/Neteagles/gtdhub/client/bower_components/angular/angular.js:1863)
    at /Users/iBook/Neteagles/gtdhub/client/bower_components/angular/angular.js:3830
http://errors.angularjs.org/1.2.20/$injector/modulerr?p0=contenteditable&amp;p1=Error%3A%20%5B%24injector%3Anomod%5D%20Module%20&apos;contenteditable&apos;%20is%20not%20available!%20You%20either%20misspelled%20the%20module%20name%20or%20forgot%20to%20load%20it.%20If%20registering%20a%20module%20ensure%20that%20you%20specify%20the%20dependencies%20as%20the%20second%20argument.%0Ahttp%3A%2F%2Ferrors.angularjs.org%2F1.2.20%2F%24injector%2Fnomod%3Fp0%3Dcontenteditable%0A%20%20%20%20at%20http%3A%2F%2Flocalhost%3A8080%2Fbase%2Fclient%2Fbower_components%2Fangular%2Fangular.js%3F4f18e0198a2e909d3ea4b4886ed0f486b23a9680%3A1651%0A%20%20%20%20at%20ensure%20(http%3A%2F%2Flocalhost%3A8080%2Fbase%2Fclient%2Fbower_components%2Fangular%2Fangular.js%3F4f18e0198a2e909d3ea4b4886ed0f486b23a9680%3A1573)%0A%20%20%20%20at%20module%20(http%3A%2F%2Flocalhost%3A8080%2Fbase%2Fclient%2Fbower_components%2Fangular%2Fangular.js%3F4f18e0198a2e909d3ea4b4886ed0f486b23a9680%3A1863)%0A%20%20%20%20at%20http%3A%2F%2Flocalhost%3A8080%2Fbase%2Fclient%2Fbower_components%2Fangular%2Fangular.js%3F4f18e0198a2e909d3ea4b4886ed0f486b23a9680%3A3830
    at /Users/iBook/Neteagles/gtdhub/client/bower_components/angular/angular.js:3859
http://errors.angularjs.org/1.2.20/$injector/modulerr?p0=gtdhubApp&amp;p1=Error%3A%20%5B%24injector%3Amodulerr%5D%20Failed%20to%20instantiate%20module%20contenteditable%20due%20to%3A%0AError%3A%20%5B%24injector%3Anomod%5D%20Module%20&apos;contenteditable&apos;%20is%20not%20available!%20You%20either%20misspelled%20the%20module%20name%20or%20forgot%20to%20load%20it.%20If%20registering%20a%20module%20ensure%20that%20you%20specify%20the%20dependencies%20as%20the%20second%20argument.%0Ahttp%3A%2F%2Ferrors.angularjs.org%2F1.2.20%2F%24injector%2Fnomod%3Fp0%3Dcontenteditable%0A%20%20%20%20at%20http%3A%2F%2Flocalhost%3A8080%2Fbase%2Fclient%2Fbower_components%2Fangular%2Fangular.js%3F4f18e0198a2e909d3ea4b4886ed0f486b23a9680%3A1651%0A%20%20%20%20at%20ensure%20(http%3A%2F%2Flocalhost%3A8080%2Fbase%2Fclient%2Fbower_components%2Fangular%2Fangular.js%3F4f18e0198a2e909d3ea4b4886ed0f486b23a9680%3A1573)%0A%20%20%20%20at%20module%20(http%3A%2F%2Flocalhost%3A8080%2Fbase%2Fclient%2Fbower_components%2Fangular%2Fangular.js%3F4f18e0198a2e909d3ea4b4886ed0f486b23a9680%3A1863)%0A%20%20%20%20at%20http%3A%2F%2Flocalhost%3A8080%2Fbase%2Fclient%2Fbower_components%2Fangular%2Fangular.js%3F4f18e0198a2e909d3ea4b4886ed0f486b23a9680%3A3830%0Ahttp%3A%2F%2Ferrors.angularjs.org%2F1.2.20%2F%24injector%2Fmodulerr%3Fp0%3Dcontenteditable%26p1%3DError%253A%2520%255B%2524injector%253Anomod%255D%2520Module%2520&apos;contenteditable&apos;%2520is%2520not%2520available!%2520You%2520either%2520misspelled%2520the%2520module%2520name%2520or%2520forgot%2520to%2520load%2520it.%2520If%2520registering%2520a%2520module%2520ensure%2520that%2520you%2520specify%2520the%2520dependencies%2520as%2520the%2520second%2520argument.%250Ahttp%253A%252F%252Ferrors.angularjs.org%252F1.2.20%252F%2524injector%252Fnomod%253Fp0%253Dcontenteditable%250A%2520%2520%2520%2520at%2520http%253A%252F%252Flocalhost%253A8080%252Fbase%252Fclient%252Fbower_components%252Fangular%252Fangular.js%253F4f18e0198a2e909d3ea4b4886ed0f486b23a9680%253A1651%250A%2520%2520%2520%2520at%2520ensure%2520(http%253A%252F%252Flocalhost%253A8080%252Fbase%252Fclient%252Fbower_components%252Fangular%252Fangular.js%253F4f18e0198a2e909d3ea4b4886ed0f486b23a9680%253A1573)%250A%2520%2520%2520%2520at%2520module%2520(http%253A%252F%252Flocalhost%253A8080%252Fbase%252Fclient%252Fbower_components%252Fangular%252Fangular.js%253F4f18e0198a2e909d3ea4b4886ed0f486b23a9680%253A1863)%250A%2520%2520%2520%2520at%2520http%253A%252F%252Flocalhost%253A8080%252Fbase%252Fclient%252Fbower_components%252Fangular%252Fangular.js%253F4f18e0198a2e909d3ea4b4886ed0f486b23a9680%253A3830%0A%20%20%20%20at%20http%3A%2F%2Flocalhost%3A8080%2Fbase%2Fclient%2Fbower_components%2Fangular%2Fangular.js%3F4f18e0198a2e909d3ea4b4886ed0f486b23a9680%3A3859
    at /Users/iBook/Neteagles/gtdhub/client/bower_components/angular/angular.js:3859
</failure>
      <failure type="">Expected false to be true.
</failure>
    </testcase>
    <testcase name="should ..." time="0.002" classname="PhantomJS 1.9.7 (Mac OS X).Controller: TreeCtrl">
      <failure type="">Error: [$injector:modulerr] Failed to instantiate module gtdhubApp due to:
Error: [$injector:modulerr] Failed to instantiate module contenteditable due to:
Error: [$injector:nomod] Module &apos;contenteditable&apos; is not available! You either misspelled the module name or forgot to load it. If registering a module ensure that you specify the dependencies as the second argument.
http://errors.angularjs.org/1.2.20/$injector/nomod?p0=contenteditable
    at /Users/iBook/Neteagles/gtdhub/client/bower_components/angular/angular.js:1651
    at ensure (/Users/iBook/Neteagles/gtdhub/client/bower_components/angular/angular.js:1573)
    at module (/Users/iBook/Neteagles/gtdhub/client/bower_components/angular/angular.js:1863)
    at /Users/iBook/Neteagles/gtdhub/client/bower_components/angular/angular.js:3830
http://errors.angularjs.org/1.2.20/$injector/modulerr?p0=contenteditable&amp;p1=Error%3A%20%5B%24injector%3Anomod%5D%20Module%20&apos;contenteditable&apos;%20is%20not%20available!%20You%20either%20misspelled%20the%20module%20name%20or%20forgot%20to%20load%20it.%20If%20registering%20a%20module%20ensure%20that%20you%20specify%20the%20dependencies%20as%20the%20second%20argument.%0Ahttp%3A%2F%2Ferrors.angularjs.org%2F1.2.20%2F%24injector%2Fnomod%3Fp0%3Dcontenteditable%0A%20%20%20%20at%20http%3A%2F%2Flocalhost%3A8080%2Fbase%2Fclient%2Fbower_components%2Fangular%2Fangular.js%3F4f18e0198a2e909d3ea4b4886ed0f486b23a9680%3A1651%0A%20%20%20%20at%20ensure%20(http%3A%2F%2Flocalhost%3A8080%2Fbase%2Fclient%2Fbower_components%2Fangular%2Fangular.js%3F4f18e0198a2e909d3ea4b4886ed0f486b23a9680%3A1573)%0A%20%20%20%20at%20module%20(http%3A%2F%2Flocalhost%3A8080%2Fbase%2Fclient%2Fbower_components%2Fangular%2Fangular.js%3F4f18e0198a2e909d3ea4b4886ed0f486b23a9680%3A1863)%0A%20%20%20%20at%20http%3A%2F%2Flocalhost%3A8080%2Fbase%2Fclient%2Fbower_components%2Fangular%2Fangular.js%3F4f18e0198a2e909d3ea4b4886ed0f486b23a9680%3A3830
    at /Users/iBook/Neteagles/gtdhub/client/bower_components/angular/angular.js:3859
http://errors.angularjs.org/1.2.20/$injector/modulerr?p0=gtdhubApp&amp;p1=Error%3A%20%5B%24injector%3Amodulerr%5D%20Failed%20to%20instantiate%20module%20contenteditable%20due%20to%3A%0AError%3A%20%5B%24injector%3Anomod%5D%20Module%20&apos;contenteditable&apos;%20is%20not%20available!%20You%20either%20misspelled%20the%20module%20name%20or%20forgot%20to%20load%20it.%20If%20registering%20a%20module%20ensure%20that%20you%20specify%20the%20dependencies%20as%20the%20second%20argument.%0Ahttp%3A%2F%2Ferrors.angularjs.org%2F1.2.20%2F%24injector%2Fnomod%3Fp0%3Dcontenteditable%0A%20%20%20%20at%20http%3A%2F%2Flocalhost%3A8080%2Fbase%2Fclient%2Fbower_components%2Fangular%2Fangular.js%3F4f18e0198a2e909d3ea4b4886ed0f486b23a9680%3A1651%0A%20%20%20%20at%20ensure%20(http%3A%2F%2Flocalhost%3A8080%2Fbase%2Fclient%2Fbower_components%2Fangular%2Fangular.js%3F4f18e0198a2e909d3ea4b4886ed0f486b23a9680%3A1573)%0A%20%20%20%20at%20module%20(http%3A%2F%2Flocalhost%3A8080%2Fbase%2Fclient%2Fbower_components%2Fangular%2Fangular.js%3F4f18e0198a2e909d3ea4b4886ed0f486b23a9680%3A1863)%0A%20%20%20%20at%20http%3A%2F%2Flocalhost%3A8080%2Fbase%2Fclient%2Fbower_components%2Fangular%2Fangular.js%3F4f18e0198a2e909d3ea4b4886ed0f486b23a9680%3A3830%0Ahttp%3A%2F%2Ferrors.angularjs.org%2F1.2.20%2F%24injector%2Fmodulerr%3Fp0%3Dcontenteditable%26p1%3DError%253A%2520%255B%2524injector%253Anomod%255D%2520Module%2520&apos;contenteditable&apos;%2520is%2520not%2520available!%2520You%2520either%2520misspelled%2520the%2520module%2520name%2520or%2520forgot%2520to%2520load%2520it.%2520If%2520registering%2520a%2520module%2520ensure%2520that%2520you%2520specify%2520the%2520dependencies%2520as%2520the%2520second%2520argument.%250Ahttp%253A%252F%252Ferrors.angularjs.org%252F1.2.20%252F%2524injector%252Fnomod%253Fp0%253Dcontenteditable%250A%2520%2520%2520%2520at%2520http%253A%252F%252Flocalhost%253A8080%252Fbase%252Fclient%252Fbower_components%252Fangular%252Fangular.js%253F4f18e0198a2e909d3ea4b4886ed0f486b23a9680%253A1651%250A%2520%2520%2520%2520at%2520ensure%2520(http%253A%252F%252Flocalhost%253A8080%252Fbase%252Fclient%252Fbower_components%252Fangular%252Fangular.js%253F4f18e0198a2e909d3ea4b4886ed0f486b23a9680%253A1573)%250A%2520%2520%2520%2520at%2520module%2520(http%253A%252F%252Flocalhost%253A8080%252Fbase%252Fclient%252Fbower_components%252Fangular%252Fangular.js%253F4f18e0198a2e909d3ea4b4886ed0f486b23a9680%253A1863)%250A%2520%2520%2520%2520at%2520http%253A%252F%252Flocalhost%253A8080%252Fbase%252Fclient%252Fbower_components%252Fangular%252Fangular.js%253F4f18e0198a2e909d3ea4b4886ed0f486b23a9680%253A3830%0A%20%20%20%20at%20http%3A%2F%2Flocalhost%3A8080%2Fbase%2Fclient%2Fbower_components%2Fangular%2Fangular.js%3F4f18e0198a2e909d3ea4b4886ed0f486b23a9680%3A3859
    at /Users/iBook/Neteagles/gtdhub/client/bower_components/angular/angular.js:3859
</failure>
    </testcase>
    <testcase name="should do something" time="0.001" classname="PhantomJS 1.9.7 (Mac OS X).Service: Tree">
      <failure type="">Error: [$injector:modulerr] Failed to instantiate module gtdhubApp due to:
Error: [$injector:modulerr] Failed to instantiate module contenteditable due to:
Error: [$injector:nomod] Module &apos;contenteditable&apos; is not available! You either misspelled the module name or forgot to load it. If registering a module ensure that you specify the dependencies as the second argument.
http://errors.angularjs.org/1.2.20/$injector/nomod?p0=contenteditable
    at /Users/iBook/Neteagles/gtdhub/client/bower_components/angular/angular.js:1651
    at ensure (/Users/iBook/Neteagles/gtdhub/client/bower_components/angular/angular.js:1573)
    at module (/Users/iBook/Neteagles/gtdhub/client/bower_components/angular/angular.js:1863)
    at /Users/iBook/Neteagles/gtdhub/client/bower_components/angular/angular.js:3830
http://errors.angularjs.org/1.2.20/$injector/modulerr?p0=contenteditable&amp;p1=Error%3A%20%5B%24injector%3Anomod%5D%20Module%20&apos;contenteditable&apos;%20is%20not%20available!%20You%20either%20misspelled%20the%20module%20name%20or%20forgot%20to%20load%20it.%20If%20registering%20a%20module%20ensure%20that%20you%20specify%20the%20dependencies%20as%20the%20second%20argument.%0Ahttp%3A%2F%2Ferrors.angularjs.org%2F1.2.20%2F%24injector%2Fnomod%3Fp0%3Dcontenteditable%0A%20%20%20%20at%20http%3A%2F%2Flocalhost%3A8080%2Fbase%2Fclient%2Fbower_components%2Fangular%2Fangular.js%3F4f18e0198a2e909d3ea4b4886ed0f486b23a9680%3A1651%0A%20%20%20%20at%20ensure%20(http%3A%2F%2Flocalhost%3A8080%2Fbase%2Fclient%2Fbower_components%2Fangular%2Fangular.js%3F4f18e0198a2e909d3ea4b4886ed0f486b23a9680%3A1573)%0A%20%20%20%20at%20module%20(http%3A%2F%2Flocalhost%3A8080%2Fbase%2Fclient%2Fbower_components%2Fangular%2Fangular.js%3F4f18e0198a2e909d3ea4b4886ed0f486b23a9680%3A1863)%0A%20%20%20%20at%20http%3A%2F%2Flocalhost%3A8080%2Fbase%2Fclient%2Fbower_components%2Fangular%2Fangular.js%3F4f18e0198a2e909d3ea4b4886ed0f486b23a9680%3A3830
    at /Users/iBook/Neteagles/gtdhub/client/bower_components/angular/angular.js:3859
http://errors.angularjs.org/1.2.20/$injector/modulerr?p0=gtdhubApp&amp;p1=Error%3A%20%5B%24injector%3Amodulerr%5D%20Failed%20to%20instantiate%20module%20contenteditable%20due%20to%3A%0AError%3A%20%5B%24injector%3Anomod%5D%20Module%20&apos;contenteditable&apos;%20is%20not%20available!%20You%20either%20misspelled%20the%20module%20name%20or%20forgot%20to%20load%20it.%20If%20registering%20a%20module%20ensure%20that%20you%20specify%20the%20dependencies%20as%20the%20second%20argument.%0Ahttp%3A%2F%2Ferrors.angularjs.org%2F1.2.20%2F%24injector%2Fnomod%3Fp0%3Dcontenteditable%0A%20%20%20%20at%20http%3A%2F%2Flocalhost%3A8080%2Fbase%2Fclient%2Fbower_components%2Fangular%2Fangular.js%3F4f18e0198a2e909d3ea4b4886ed0f486b23a9680%3A1651%0A%20%20%20%20at%20ensure%20(http%3A%2F%2Flocalhost%3A8080%2Fbase%2Fclient%2Fbower_components%2Fangular%2Fangular.js%3F4f18e0198a2e909d3ea4b4886ed0f486b23a9680%3A1573)%0A%20%20%20%20at%20module%20(http%3A%2F%2Flocalhost%3A8080%2Fbase%2Fclient%2Fbower_components%2Fangular%2Fangular.js%3F4f18e0198a2e909d3ea4b4886ed0f486b23a9680%3A1863)%0A%20%20%20%20at%20http%3A%2F%2Flocalhost%3A8080%2Fbase%2Fclient%2Fbower_components%2Fangular%2Fangular.js%3F4f18e0198a2e909d3ea4b4886ed0f486b23a9680%3A3830%0Ahttp%3A%2F%2Ferrors.angularjs.org%2F1.2.20%2F%24injector%2Fmodulerr%3Fp0%3Dcontenteditable%26p1%3DError%253A%2520%255B%2524injector%253Anomod%255D%2520Module%2520&apos;contenteditable&apos;%2520is%2520not%2520available!%2520You%2520either%2520misspelled%2520the%2520module%2520name%2520or%2520forgot%2520to%2520load%2520it.%2520If%2520registering%2520a%2520module%2520ensure%2520that%2520you%2520specify%2520the%2520dependencies%2520as%2520the%2520second%2520argument.%250Ahttp%253A%252F%252Ferrors.angularjs.org%252F1.2.20%252F%2524injector%252Fnomod%253Fp0%253Dcontenteditable%250A%2520%2520%2520%2520at%2520http%253A%252F%252Flocalhost%253A8080%252Fbase%252Fclient%252Fbower_components%252Fangular%252Fangular.js%253F4f18e0198a2e909d3ea4b4886ed0f486b23a9680%253A1651%250A%2520%2520%2520%2520at%2520ensure%2520(http%253A%252F%252Flocalhost%253A8080%252Fbase%252Fclient%252Fbower_components%252Fangular%252Fangular.js%253F4f18e0198a2e909d3ea4b4886ed0f486b23a9680%253A1573)%250A%2520%2520%2520%2520at%2520module%2520(http%253A%252F%252Flocalhost%253A8080%252Fbase%252Fclient%252Fbower_components%252Fangular%252Fangular.js%253F4f18e0198a2e909d3ea4b4886ed0f486b23a9680%253A1863)%250A%2520%2520%2520%2520at%2520http%253A%252F%252Flocalhost%253A8080%252Fbase%252Fclient%252Fbower_components%252Fangular%252Fangular.js%253F4f18e0198a2e909d3ea4b4886ed0f486b23a9680%253A3830%0A%20%20%20%20at%20http%3A%2F%2Flocalhost%3A8080%2Fbase%2Fclient%2Fbower_components%2Fangular%2Fangular.js%3F4f18e0198a2e909d3ea4b4886ed0f486b23a9680%3A3859
    at /Users/iBook/Neteagles/gtdhub/client/bower_components/angular/angular.js:3859
</failure>
      <failure type="">Expected false to be true.
</failure>
    </testcase>
    <testcase name="create object with title" time="0.004" classname="PhantomJS 1.9.7 (Mac OS X).Service: Tree">
      <failure type="">Error: [$injector:modulerr] Failed to instantiate module gtdhubApp due to:
Error: [$injector:modulerr] Failed to instantiate module contenteditable due to:
Error: [$injector:nomod] Module &apos;contenteditable&apos; is not available! You either misspelled the module name or forgot to load it. If registering a module ensure that you specify the dependencies as the second argument.
http://errors.angularjs.org/1.2.20/$injector/nomod?p0=contenteditable
    at /Users/iBook/Neteagles/gtdhub/client/bower_components/angular/angular.js:1651
    at ensure (/Users/iBook/Neteagles/gtdhub/client/bower_components/angular/angular.js:1573)
    at module (/Users/iBook/Neteagles/gtdhub/client/bower_components/angular/angular.js:1863)
    at /Users/iBook/Neteagles/gtdhub/client/bower_components/angular/angular.js:3830
http://errors.angularjs.org/1.2.20/$injector/modulerr?p0=contenteditable&amp;p1=Error%3A%20%5B%24injector%3Anomod%5D%20Module%20&apos;contenteditable&apos;%20is%20not%20available!%20You%20either%20misspelled%20the%20module%20name%20or%20forgot%20to%20load%20it.%20If%20registering%20a%20module%20ensure%20that%20you%20specify%20the%20dependencies%20as%20the%20second%20argument.%0Ahttp%3A%2F%2Ferrors.angularjs.org%2F1.2.20%2F%24injector%2Fnomod%3Fp0%3Dcontenteditable%0A%20%20%20%20at%20http%3A%2F%2Flocalhost%3A8080%2Fbase%2Fclient%2Fbower_components%2Fangular%2Fangular.js%3F4f18e0198a2e909d3ea4b4886ed0f486b23a9680%3A1651%0A%20%20%20%20at%20ensure%20(http%3A%2F%2Flocalhost%3A8080%2Fbase%2Fclient%2Fbower_components%2Fangular%2Fangular.js%3F4f18e0198a2e909d3ea4b4886ed0f486b23a9680%3A1573)%0A%20%20%20%20at%20module%20(http%3A%2F%2Flocalhost%3A8080%2Fbase%2Fclient%2Fbower_components%2Fangular%2Fangular.js%3F4f18e0198a2e909d3ea4b4886ed0f486b23a9680%3A1863)%0A%20%20%20%20at%20http%3A%2F%2Flocalhost%3A8080%2Fbase%2Fclient%2Fbower_components%2Fangular%2Fangular.js%3F4f18e0198a2e909d3ea4b4886ed0f486b23a9680%3A3830
    at /Users/iBook/Neteagles/gtdhub/client/bower_components/angular/angular.js:3859
http://errors.angularjs.org/1.2.20/$injector/modulerr?p0=gtdhubApp&amp;p1=Error%3A%20%5B%24injector%3Amodulerr%5D%20Failed%20to%20instantiate%20module%20contenteditable%20due%20to%3A%0AError%3A%20%5B%24injector%3Anomod%5D%20Module%20&apos;contenteditable&apos;%20is%20not%20available!%20You%20either%20misspelled%20the%20module%20name%20or%20forgot%20to%20load%20it.%20If%20registering%20a%20module%20ensure%20that%20you%20specify%20the%20dependencies%20as%20the%20second%20argument.%0Ahttp%3A%2F%2Ferrors.angularjs.org%2F1.2.20%2F%24injector%2Fnomod%3Fp0%3Dcontenteditable%0A%20%20%20%20at%20http%3A%2F%2Flocalhost%3A8080%2Fbase%2Fclient%2Fbower_components%2Fangular%2Fangular.js%3F4f18e0198a2e909d3ea4b4886ed0f486b23a9680%3A1651%0A%20%20%20%20at%20ensure%20(http%3A%2F%2Flocalhost%3A8080%2Fbase%2Fclient%2Fbower_components%2Fangular%2Fangular.js%3F4f18e0198a2e909d3ea4b4886ed0f486b23a9680%3A1573)%0A%20%20%20%20at%20module%20(http%3A%2F%2Flocalhost%3A8080%2Fbase%2Fclient%2Fbower_components%2Fangular%2Fangular.js%3F4f18e0198a2e909d3ea4b4886ed0f486b23a9680%3A1863)%0A%20%20%20%20at%20http%3A%2F%2Flocalhost%3A8080%2Fbase%2Fclient%2Fbower_components%2Fangular%2Fangular.js%3F4f18e0198a2e909d3ea4b4886ed0f486b23a9680%3A3830%0Ahttp%3A%2F%2Ferrors.angularjs.org%2F1.2.20%2F%24injector%2Fmodulerr%3Fp0%3Dcontenteditable%26p1%3DError%253A%2520%255B%2524injector%253Anomod%255D%2520Module%2520&apos;contenteditable&apos;%2520is%2520not%2520available!%2520You%2520either%2520misspelled%2520the%2520module%2520name%2520or%2520forgot%2520to%2520load%2520it.%2520If%2520registering%2520a%2520module%2520ensure%2520that%2520you%2520specify%2520the%2520dependencies%2520as%2520the%2520second%2520argument.%250Ahttp%253A%252F%252Ferrors.angularjs.org%252F1.2.20%252F%2524injector%252Fnomod%253Fp0%253Dcontenteditable%250A%2520%2520%2520%2520at%2520http%253A%252F%252Flocalhost%253A8080%252Fbase%252Fclient%252Fbower_components%252Fangular%252Fangular.js%253F4f18e0198a2e909d3ea4b4886ed0f486b23a9680%253A1651%250A%2520%2520%2520%2520at%2520ensure%2520(http%253A%252F%252Flocalhost%253A8080%252Fbase%252Fclient%252Fbower_components%252Fangular%252Fangular.js%253F4f18e0198a2e909d3ea4b4886ed0f486b23a9680%253A1573)%250A%2520%2520%2520%2520at%2520module%2520(http%253A%252F%252Flocalhost%253A8080%252Fbase%252Fclient%252Fbower_components%252Fangular%252Fangular.js%253F4f18e0198a2e909d3ea4b4886ed0f486b23a9680%253A1863)%250A%2520%2520%2520%2520at%2520http%253A%252F%252Flocalhost%253A8080%252Fbase%252Fclient%252Fbower_components%252Fangular%252Fangular.js%253F4f18e0198a2e909d3ea4b4886ed0f486b23a9680%253A3830%0A%20%20%20%20at%20http%3A%2F%2Flocalhost%3A8080%2Fbase%2Fclient%2Fbower_components%2Fangular%2Fangular.js%3F4f18e0198a2e909d3ea4b4886ed0f486b23a9680%3A3859
    at /Users/iBook/Neteagles/gtdhub/client/bower_components/angular/angular.js:3859
</failure>
      <failure type="">TypeError: &apos;undefined&apos; is not a constructor (evaluating &apos;new Tree(&apos;new title&apos;)&apos;)
    at /Users/iBook/Neteagles/gtdhub/client/app/cards/tree/tree.service.spec.js:16
</failure>
    </testcase>
    <testcase name="addChild method" time="0.001" classname="PhantomJS 1.9.7 (Mac OS X).Service: Tree">
      <failure type="">Error: [$injector:modulerr] Failed to instantiate module gtdhubApp due to:
Error: [$injector:modulerr] Failed to instantiate module contenteditable due to:
Error: [$injector:nomod] Module &apos;contenteditable&apos; is not available! You either misspelled the module name or forgot to load it. If registering a module ensure that you specify the dependencies as the second argument.
http://errors.angularjs.org/1.2.20/$injector/nomod?p0=contenteditable
    at /Users/iBook/Neteagles/gtdhub/client/bower_components/angular/angular.js:1651
    at ensure (/Users/iBook/Neteagles/gtdhub/client/bower_components/angular/angular.js:1573)
    at module (/Users/iBook/Neteagles/gtdhub/client/bower_components/angular/angular.js:1863)
    at /Users/iBook/Neteagles/gtdhub/client/bower_components/angular/angular.js:3830
http://errors.angularjs.org/1.2.20/$injector/modulerr?p0=contenteditable&amp;p1=Error%3A%20%5B%24injector%3Anomod%5D%20Module%20&apos;contenteditable&apos;%20is%20not%20available!%20You%20either%20misspelled%20the%20module%20name%20or%20forgot%20to%20load%20it.%20If%20registering%20a%20module%20ensure%20that%20you%20specify%20the%20dependencies%20as%20the%20second%20argument.%0Ahttp%3A%2F%2Ferrors.angularjs.org%2F1.2.20%2F%24injector%2Fnomod%3Fp0%3Dcontenteditable%0A%20%20%20%20at%20http%3A%2F%2Flocalhost%3A8080%2Fbase%2Fclient%2Fbower_components%2Fangular%2Fangular.js%3F4f18e0198a2e909d3ea4b4886ed0f486b23a9680%3A1651%0A%20%20%20%20at%20ensure%20(http%3A%2F%2Flocalhost%3A8080%2Fbase%2Fclient%2Fbower_components%2Fangular%2Fangular.js%3F4f18e0198a2e909d3ea4b4886ed0f486b23a9680%3A1573)%0A%20%20%20%20at%20module%20(http%3A%2F%2Flocalhost%3A8080%2Fbase%2Fclient%2Fbower_components%2Fangular%2Fangular.js%3F4f18e0198a2e909d3ea4b4886ed0f486b23a9680%3A1863)%0A%20%20%20%20at%20http%3A%2F%2Flocalhost%3A8080%2Fbase%2Fclient%2Fbower_components%2Fangular%2Fangular.js%3F4f18e0198a2e909d3ea4b4886ed0f486b23a9680%3A3830
    at /Users/iBook/Neteagles/gtdhub/client/bower_components/angular/angular.js:3859
http://errors.angularjs.org/1.2.20/$injector/modulerr?p0=gtdhubApp&amp;p1=Error%3A%20%5B%24injector%3Amodulerr%5D%20Failed%20to%20instantiate%20module%20contenteditable%20due%20to%3A%0AError%3A%20%5B%24injector%3Anomod%5D%20Module%20&apos;contenteditable&apos;%20is%20not%20available!%20You%20either%20misspelled%20the%20module%20name%20or%20forgot%20to%20load%20it.%20If%20registering%20a%20module%20ensure%20that%20you%20specify%20the%20dependencies%20as%20the%20second%20argument.%0Ahttp%3A%2F%2Ferrors.angularjs.org%2F1.2.20%2F%24injector%2Fnomod%3Fp0%3Dcontenteditable%0A%20%20%20%20at%20http%3A%2F%2Flocalhost%3A8080%2Fbase%2Fclient%2Fbower_components%2Fangular%2Fangular.js%3F4f18e0198a2e909d3ea4b4886ed0f486b23a9680%3A1651%0A%20%20%20%20at%20ensure%20(http%3A%2F%2Flocalhost%3A8080%2Fbase%2Fclient%2Fbower_components%2Fangular%2Fangular.js%3F4f18e0198a2e909d3ea4b4886ed0f486b23a9680%3A1573)%0A%20%20%20%20at%20module%20(http%3A%2F%2Flocalhost%3A8080%2Fbase%2Fclient%2Fbower_components%2Fangular%2Fangular.js%3F4f18e0198a2e909d3ea4b4886ed0f486b23a9680%3A1863)%0A%20%20%20%20at%20http%3A%2F%2Flocalhost%3A8080%2Fbase%2Fclient%2Fbower_components%2Fangular%2Fangular.js%3F4f18e0198a2e909d3ea4b4886ed0f486b23a9680%3A3830%0Ahttp%3A%2F%2Ferrors.angularjs.org%2F1.2.20%2F%24injector%2Fmodulerr%3Fp0%3Dcontenteditable%26p1%3DError%253A%2520%255B%2524injector%253Anomod%255D%2520Module%2520&apos;contenteditable&apos;%2520is%2520not%2520available!%2520You%2520either%2520misspelled%2520the%2520module%2520name%2520or%2520forgot%2520to%2520load%2520it.%2520If%2520registering%2520a%2520module%2520ensure%2520that%2520you%2520specify%2520the%2520dependencies%2520as%2520the%2520second%2520argument.%250Ahttp%253A%252F%252Ferrors.angularjs.org%252F1.2.20%252F%2524injector%252Fnomod%253Fp0%253Dcontenteditable%250A%2520%2520%2520%2520at%2520http%253A%252F%252Flocalhost%253A8080%252Fbase%252Fclient%252Fbower_components%252Fangular%252Fangular.js%253F4f18e0198a2e909d3ea4b4886ed0f486b23a9680%253A1651%250A%2520%2520%2520%2520at%2520ensure%2520(http%253A%252F%252Flocalhost%253A8080%252Fbase%252Fclient%252Fbower_components%252Fangular%252Fangular.js%253F4f18e0198a2e909d3ea4b4886ed0f486b23a9680%253A1573)%250A%2520%2520%2520%2520at%2520module%2520(http%253A%252F%252Flocalhost%253A8080%252Fbase%252Fclient%252Fbower_components%252Fangular%252Fangular.js%253F4f18e0198a2e909d3ea4b4886ed0f486b23a9680%253A1863)%250A%2520%2520%2520%2520at%2520http%253A%252F%252Flocalhost%253A8080%252Fbase%252Fclient%252Fbower_components%252Fangular%252Fangular.js%253F4f18e0198a2e909d3ea4b4886ed0f486b23a9680%253A3830%0A%20%20%20%20at%20http%3A%2F%2Flocalhost%3A8080%2Fbase%2Fclient%2Fbower_components%2Fangular%2Fangular.js%3F4f18e0198a2e909d3ea4b4886ed0f486b23a9680%3A3859
    at /Users/iBook/Neteagles/gtdhub/client/bower_components/angular/angular.js:3859
</failure>
      <failure type="">TypeError: &apos;undefined&apos; is not a constructor (evaluating &apos;new Tree(&apos;new parent title&apos;)&apos;)
    at /Users/iBook/Neteagles/gtdhub/client/app/cards/tree/tree.service.spec.js:21
</failure>
    </testcase>
    <testcase name="many levels in tree" time="0.002" classname="PhantomJS 1.9.7 (Mac OS X).Service: Tree">
      <failure type="">Error: [$injector:modulerr] Failed to instantiate module gtdhubApp due to:
Error: [$injector:modulerr] Failed to instantiate module contenteditable due to:
Error: [$injector:nomod] Module &apos;contenteditable&apos; is not available! You either misspelled the module name or forgot to load it. If registering a module ensure that you specify the dependencies as the second argument.
http://errors.angularjs.org/1.2.20/$injector/nomod?p0=contenteditable
    at /Users/iBook/Neteagles/gtdhub/client/bower_components/angular/angular.js:1651
    at ensure (/Users/iBook/Neteagles/gtdhub/client/bower_components/angular/angular.js:1573)
    at module (/Users/iBook/Neteagles/gtdhub/client/bower_components/angular/angular.js:1863)
    at /Users/iBook/Neteagles/gtdhub/client/bower_components/angular/angular.js:3830
http://errors.angularjs.org/1.2.20/$injector/modulerr?p0=contenteditable&amp;p1=Error%3A%20%5B%24injector%3Anomod%5D%20Module%20&apos;contenteditable&apos;%20is%20not%20available!%20You%20either%20misspelled%20the%20module%20name%20or%20forgot%20to%20load%20it.%20If%20registering%20a%20module%20ensure%20that%20you%20specify%20the%20dependencies%20as%20the%20second%20argument.%0Ahttp%3A%2F%2Ferrors.angularjs.org%2F1.2.20%2F%24injector%2Fnomod%3Fp0%3Dcontenteditable%0A%20%20%20%20at%20http%3A%2F%2Flocalhost%3A8080%2Fbase%2Fclient%2Fbower_components%2Fangular%2Fangular.js%3F4f18e0198a2e909d3ea4b4886ed0f486b23a9680%3A1651%0A%20%20%20%20at%20ensure%20(http%3A%2F%2Flocalhost%3A8080%2Fbase%2Fclient%2Fbower_components%2Fangular%2Fangular.js%3F4f18e0198a2e909d3ea4b4886ed0f486b23a9680%3A1573)%0A%20%20%20%20at%20module%20(http%3A%2F%2Flocalhost%3A8080%2Fbase%2Fclient%2Fbower_components%2Fangular%2Fangular.js%3F4f18e0198a2e909d3ea4b4886ed0f486b23a9680%3A1863)%0A%20%20%20%20at%20http%3A%2F%2Flocalhost%3A8080%2Fbase%2Fclient%2Fbower_components%2Fangular%2Fangular.js%3F4f18e0198a2e909d3ea4b4886ed0f486b23a9680%3A3830
    at /Users/iBook/Neteagles/gtdhub/client/bower_components/angular/angular.js:3859
http://errors.angularjs.org/1.2.20/$injector/modulerr?p0=gtdhubApp&amp;p1=Error%3A%20%5B%24injector%3Amodulerr%5D%20Failed%20to%20instantiate%20module%20contenteditable%20due%20to%3A%0AError%3A%20%5B%24injector%3Anomod%5D%20Module%20&apos;contenteditable&apos;%20is%20not%20available!%20You%20either%20misspelled%20the%20module%20name%20or%20forgot%20to%20load%20it.%20If%20registering%20a%20module%20ensure%20that%20you%20specify%20the%20dependencies%20as%20the%20second%20argument.%0Ahttp%3A%2F%2Ferrors.angularjs.org%2F1.2.20%2F%24injector%2Fnomod%3Fp0%3Dcontenteditable%0A%20%20%20%20at%20http%3A%2F%2Flocalhost%3A8080%2Fbase%2Fclient%2Fbower_components%2Fangular%2Fangular.js%3F4f18e0198a2e909d3ea4b4886ed0f486b23a9680%3A1651%0A%20%20%20%20at%20ensure%20(http%3A%2F%2Flocalhost%3A8080%2Fbase%2Fclient%2Fbower_components%2Fangular%2Fangular.js%3F4f18e0198a2e909d3ea4b4886ed0f486b23a9680%3A1573)%0A%20%20%20%20at%20module%20(http%3A%2F%2Flocalhost%3A8080%2Fbase%2Fclient%2Fbower_components%2Fangular%2Fangular.js%3F4f18e0198a2e909d3ea4b4886ed0f486b23a9680%3A1863)%0A%20%20%20%20at%20http%3A%2F%2Flocalhost%3A8080%2Fbase%2Fclient%2Fbower_components%2Fangular%2Fangular.js%3F4f18e0198a2e909d3ea4b4886ed0f486b23a9680%3A3830%0Ahttp%3A%2F%2Ferrors.angularjs.org%2F1.2.20%2F%24injector%2Fmodulerr%3Fp0%3Dcontenteditable%26p1%3DError%253A%2520%255B%2524injector%253Anomod%255D%2520Module%2520&apos;contenteditable&apos;%2520is%2520not%2520available!%2520You%2520either%2520misspelled%2520the%2520module%2520name%2520or%2520forgot%2520to%2520load%2520it.%2520If%2520registering%2520a%2520module%2520ensure%2520that%2520you%2520specify%2520the%2520dependencies%2520as%2520the%2520second%2520argument.%250Ahttp%253A%252F%252Ferrors.angularjs.org%252F1.2.20%252F%2524injector%252Fnomod%253Fp0%253Dcontenteditable%250A%2520%2520%2520%2520at%2520http%253A%252F%252Flocalhost%253A8080%252Fbase%252Fclient%252Fbower_components%252Fangular%252Fangular.js%253F4f18e0198a2e909d3ea4b4886ed0f486b23a9680%253A1651%250A%2520%2520%2520%2520at%2520ensure%2520(http%253A%252F%252Flocalhost%253A8080%252Fbase%252Fclient%252Fbower_components%252Fangular%252Fangular.js%253F4f18e0198a2e909d3ea4b4886ed0f486b23a9680%253A1573)%250A%2520%2520%2520%2520at%2520module%2520(http%253A%252F%252Flocalhost%253A8080%252Fbase%252Fclient%252Fbower_components%252Fangular%252Fangular.js%253F4f18e0198a2e909d3ea4b4886ed0f486b23a9680%253A1863)%250A%2520%2520%2520%2520at%2520http%253A%252F%252Flocalhost%253A8080%252Fbase%252Fclient%252Fbower_components%252Fangular%252Fangular.js%253F4f18e0198a2e909d3ea4b4886ed0f486b23a9680%253A3830%0A%20%20%20%20at%20http%3A%2F%2Flocalhost%3A8080%2Fbase%2Fclient%2Fbower_components%2Fangular%2Fangular.js%3F4f18e0198a2e909d3ea4b4886ed0f486b23a9680%3A3859
    at /Users/iBook/Neteagles/gtdhub/client/bower_components/angular/angular.js:3859
</failure>
      <failure type="">TypeError: &apos;undefined&apos; is not a constructor (evaluating &apos;new Tree(&apos;parent&apos;)&apos;)
    at /Users/iBook/Neteagles/gtdhub/client/app/cards/tree/tree.service.spec.js:31
</failure>
    </testcase>
    <testcase name="find by title" time="0.001" classname="PhantomJS 1.9.7 (Mac OS X).Service: Tree">
      <failure type="">Error: [$injector:modulerr] Failed to instantiate module gtdhubApp due to:
Error: [$injector:modulerr] Failed to instantiate module contenteditable due to:
Error: [$injector:nomod] Module &apos;contenteditable&apos; is not available! You either misspelled the module name or forgot to load it. If registering a module ensure that you specify the dependencies as the second argument.
http://errors.angularjs.org/1.2.20/$injector/nomod?p0=contenteditable
    at /Users/iBook/Neteagles/gtdhub/client/bower_components/angular/angular.js:1651
    at ensure (/Users/iBook/Neteagles/gtdhub/client/bower_components/angular/angular.js:1573)
    at module (/Users/iBook/Neteagles/gtdhub/client/bower_components/angular/angular.js:1863)
    at /Users/iBook/Neteagles/gtdhub/client/bower_components/angular/angular.js:3830
http://errors.angularjs.org/1.2.20/$injector/modulerr?p0=contenteditable&amp;p1=Error%3A%20%5B%24injector%3Anomod%5D%20Module%20&apos;contenteditable&apos;%20is%20not%20available!%20You%20either%20misspelled%20the%20module%20name%20or%20forgot%20to%20load%20it.%20If%20registering%20a%20module%20ensure%20that%20you%20specify%20the%20dependencies%20as%20the%20second%20argument.%0Ahttp%3A%2F%2Ferrors.angularjs.org%2F1.2.20%2F%24injector%2Fnomod%3Fp0%3Dcontenteditable%0A%20%20%20%20at%20http%3A%2F%2Flocalhost%3A8080%2Fbase%2Fclient%2Fbower_components%2Fangular%2Fangular.js%3F4f18e0198a2e909d3ea4b4886ed0f486b23a9680%3A1651%0A%20%20%20%20at%20ensure%20(http%3A%2F%2Flocalhost%3A8080%2Fbase%2Fclient%2Fbower_components%2Fangular%2Fangular.js%3F4f18e0198a2e909d3ea4b4886ed0f486b23a9680%3A1573)%0A%20%20%20%20at%20module%20(http%3A%2F%2Flocalhost%3A8080%2Fbase%2Fclient%2Fbower_components%2Fangular%2Fangular.js%3F4f18e0198a2e909d3ea4b4886ed0f486b23a9680%3A1863)%0A%20%20%20%20at%20http%3A%2F%2Flocalhost%3A8080%2Fbase%2Fclient%2Fbower_components%2Fangular%2Fangular.js%3F4f18e0198a2e909d3ea4b4886ed0f486b23a9680%3A3830
    at /Users/iBook/Neteagles/gtdhub/client/bower_components/angular/angular.js:3859
http://errors.angularjs.org/1.2.20/$injector/modulerr?p0=gtdhubApp&amp;p1=Error%3A%20%5B%24injector%3Amodulerr%5D%20Failed%20to%20instantiate%20module%20contenteditable%20due%20to%3A%0AError%3A%20%5B%24injector%3Anomod%5D%20Module%20&apos;contenteditable&apos;%20is%20not%20available!%20You%20either%20misspelled%20the%20module%20name%20or%20forgot%20to%20load%20it.%20If%20registering%20a%20module%20ensure%20that%20you%20specify%20the%20dependencies%20as%20the%20second%20argument.%0Ahttp%3A%2F%2Ferrors.angularjs.org%2F1.2.20%2F%24injector%2Fnomod%3Fp0%3Dcontenteditable%0A%20%20%20%20at%20http%3A%2F%2Flocalhost%3A8080%2Fbase%2Fclient%2Fbower_components%2Fangular%2Fangular.js%3F4f18e0198a2e909d3ea4b4886ed0f486b23a9680%3A1651%0A%20%20%20%20at%20ensure%20(http%3A%2F%2Flocalhost%3A8080%2Fbase%2Fclient%2Fbower_components%2Fangular%2Fangular.js%3F4f18e0198a2e909d3ea4b4886ed0f486b23a9680%3A1573)%0A%20%20%20%20at%20module%20(http%3A%2F%2Flocalhost%3A8080%2Fbase%2Fclient%2Fbower_components%2Fangular%2Fangular.js%3F4f18e0198a2e909d3ea4b4886ed0f486b23a9680%3A1863)%0A%20%20%20%20at%20http%3A%2F%2Flocalhost%3A8080%2Fbase%2Fclient%2Fbower_components%2Fangular%2Fangular.js%3F4f18e0198a2e909d3ea4b4886ed0f486b23a9680%3A3830%0Ahttp%3A%2F%2Ferrors.angularjs.org%2F1.2.20%2F%24injector%2Fmodulerr%3Fp0%3Dcontenteditable%26p1%3DError%253A%2520%255B%2524injector%253Anomod%255D%2520Module%2520&apos;contenteditable&apos;%2520is%2520not%2520available!%2520You%2520either%2520misspelled%2520the%2520module%2520name%2520or%2520forgot%2520to%2520load%2520it.%2520If%2520registering%2520a%2520module%2520ensure%2520that%2520you%2520specify%2520the%2520dependencies%2520as%2520the%2520second%2520argument.%250Ahttp%253A%252F%252Ferrors.angularjs.org%252F1.2.20%252F%2524injector%252Fnomod%253Fp0%253Dcontenteditable%250A%2520%2520%2520%2520at%2520http%253A%252F%252Flocalhost%253A8080%252Fbase%252Fclient%252Fbower_components%252Fangular%252Fangular.js%253F4f18e0198a2e909d3ea4b4886ed0f486b23a9680%253A1651%250A%2520%2520%2520%2520at%2520ensure%2520(http%253A%252F%252Flocalhost%253A8080%252Fbase%252Fclient%252Fbower_components%252Fangular%252Fangular.js%253F4f18e0198a2e909d3ea4b4886ed0f486b23a9680%253A1573)%250A%2520%2520%2520%2520at%2520module%2520(http%253A%252F%252Flocalhost%253A8080%252Fbase%252Fclient%252Fbower_components%252Fangular%252Fangular.js%253F4f18e0198a2e909d3ea4b4886ed0f486b23a9680%253A1863)%250A%2520%2520%2520%2520at%2520http%253A%252F%252Flocalhost%253A8080%252Fbase%252Fclient%252Fbower_components%252Fangular%252Fangular.js%253F4f18e0198a2e909d3ea4b4886ed0f486b23a9680%253A3830%0A%20%20%20%20at%20http%3A%2F%2Flocalhost%3A8080%2Fbase%2Fclient%2Fbower_components%2Fangular%2Fangular.js%3F4f18e0198a2e909d3ea4b4886ed0f486b23a9680%3A3859
    at /Users/iBook/Neteagles/gtdhub/client/bower_components/angular/angular.js:3859
</failure>
      <failure type="">TypeError: &apos;undefined&apos; is not a constructor (evaluating &apos;new Tree(&apos;parent&apos;)&apos;)
    at /Users/iBook/Neteagles/gtdhub/client/app/cards/tree/tree.service.spec.js:40
</failure>
    </testcase>
    <testcase name="getPath testing" time="0.001" classname="PhantomJS 1.9.7 (Mac OS X).Service: Tree">
      <failure type="">Error: [$injector:modulerr] Failed to instantiate module gtdhubApp due to:
Error: [$injector:modulerr] Failed to instantiate module contenteditable due to:
Error: [$injector:nomod] Module &apos;contenteditable&apos; is not available! You either misspelled the module name or forgot to load it. If registering a module ensure that you specify the dependencies as the second argument.
http://errors.angularjs.org/1.2.20/$injector/nomod?p0=contenteditable
    at /Users/iBook/Neteagles/gtdhub/client/bower_components/angular/angular.js:1651
    at ensure (/Users/iBook/Neteagles/gtdhub/client/bower_components/angular/angular.js:1573)
    at module (/Users/iBook/Neteagles/gtdhub/client/bower_components/angular/angular.js:1863)
    at /Users/iBook/Neteagles/gtdhub/client/bower_components/angular/angular.js:3830
http://errors.angularjs.org/1.2.20/$injector/modulerr?p0=contenteditable&amp;p1=Error%3A%20%5B%24injector%3Anomod%5D%20Module%20&apos;contenteditable&apos;%20is%20not%20available!%20You%20either%20misspelled%20the%20module%20name%20or%20forgot%20to%20load%20it.%20If%20registering%20a%20module%20ensure%20that%20you%20specify%20the%20dependencies%20as%20the%20second%20argument.%0Ahttp%3A%2F%2Ferrors.angularjs.org%2F1.2.20%2F%24injector%2Fnomod%3Fp0%3Dcontenteditable%0A%20%20%20%20at%20http%3A%2F%2Flocalhost%3A8080%2Fbase%2Fclient%2Fbower_components%2Fangular%2Fangular.js%3F4f18e0198a2e909d3ea4b4886ed0f486b23a9680%3A1651%0A%20%20%20%20at%20ensure%20(http%3A%2F%2Flocalhost%3A8080%2Fbase%2Fclient%2Fbower_components%2Fangular%2Fangular.js%3F4f18e0198a2e909d3ea4b4886ed0f486b23a9680%3A1573)%0A%20%20%20%20at%20module%20(http%3A%2F%2Flocalhost%3A8080%2Fbase%2Fclient%2Fbower_components%2Fangular%2Fangular.js%3F4f18e0198a2e909d3ea4b4886ed0f486b23a9680%3A1863)%0A%20%20%20%20at%20http%3A%2F%2Flocalhost%3A8080%2Fbase%2Fclient%2Fbower_components%2Fangular%2Fangular.js%3F4f18e0198a2e909d3ea4b4886ed0f486b23a9680%3A3830
    at /Users/iBook/Neteagles/gtdhub/client/bower_components/angular/angular.js:3859
http://errors.angularjs.org/1.2.20/$injector/modulerr?p0=gtdhubApp&amp;p1=Error%3A%20%5B%24injector%3Amodulerr%5D%20Failed%20to%20instantiate%20module%20contenteditable%20due%20to%3A%0AError%3A%20%5B%24injector%3Anomod%5D%20Module%20&apos;contenteditable&apos;%20is%20not%20available!%20You%20either%20misspelled%20the%20module%20name%20or%20forgot%20to%20load%20it.%20If%20registering%20a%20module%20ensure%20that%20you%20specify%20the%20dependencies%20as%20the%20second%20argument.%0Ahttp%3A%2F%2Ferrors.angularjs.org%2F1.2.20%2F%24injector%2Fnomod%3Fp0%3Dcontenteditable%0A%20%20%20%20at%20http%3A%2F%2Flocalhost%3A8080%2Fbase%2Fclient%2Fbower_components%2Fangular%2Fangular.js%3F4f18e0198a2e909d3ea4b4886ed0f486b23a9680%3A1651%0A%20%20%20%20at%20ensure%20(http%3A%2F%2Flocalhost%3A8080%2Fbase%2Fclient%2Fbower_components%2Fangular%2Fangular.js%3F4f18e0198a2e909d3ea4b4886ed0f486b23a9680%3A1573)%0A%20%20%20%20at%20module%20(http%3A%2F%2Flocalhost%3A8080%2Fbase%2Fclient%2Fbower_components%2Fangular%2Fangular.js%3F4f18e0198a2e909d3ea4b4886ed0f486b23a9680%3A1863)%0A%20%20%20%20at%20http%3A%2F%2Flocalhost%3A8080%2Fbase%2Fclient%2Fbower_components%2Fangular%2Fangular.js%3F4f18e0198a2e909d3ea4b4886ed0f486b23a9680%3A3830%0Ahttp%3A%2F%2Ferrors.angularjs.org%2F1.2.20%2F%24injector%2Fmodulerr%3Fp0%3Dcontenteditable%26p1%3DError%253A%2520%255B%2524injector%253Anomod%255D%2520Module%2520&apos;contenteditable&apos;%2520is%2520not%2520available!%2520You%2520either%2520misspelled%2520the%2520module%2520name%2520or%2520forgot%2520to%2520load%2520it.%2520If%2520registering%2520a%2520module%2520ensure%2520that%2520you%2520specify%2520the%2520dependencies%2520as%2520the%2520second%2520argument.%250Ahttp%253A%252F%252Ferrors.angularjs.org%252F1.2.20%252F%2524injector%252Fnomod%253Fp0%253Dcontenteditable%250A%2520%2520%2520%2520at%2520http%253A%252F%252Flocalhost%253A8080%252Fbase%252Fclient%252Fbower_components%252Fangular%252Fangular.js%253F4f18e0198a2e909d3ea4b4886ed0f486b23a9680%253A1651%250A%2520%2520%2520%2520at%2520ensure%2520(http%253A%252F%252Flocalhost%253A8080%252Fbase%252Fclient%252Fbower_components%252Fangular%252Fangular.js%253F4f18e0198a2e909d3ea4b4886ed0f486b23a9680%253A1573)%250A%2520%2520%2520%2520at%2520module%2520(http%253A%252F%252Flocalhost%253A8080%252Fbase%252Fclient%252Fbower_components%252Fangular%252Fangular.js%253F4f18e0198a2e909d3ea4b4886ed0f486b23a9680%253A1863)%250A%2520%2520%2520%2520at%2520http%253A%252F%252Flocalhost%253A8080%252Fbase%252Fclient%252Fbower_components%252Fangular%252Fangular.js%253F4f18e0198a2e909d3ea4b4886ed0f486b23a9680%253A3830%0A%20%20%20%20at%20http%3A%2F%2Flocalhost%3A8080%2Fbase%2Fclient%2Fbower_components%2Fangular%2Fangular.js%3F4f18e0198a2e909d3ea4b4886ed0f486b23a9680%3A3859
    at /Users/iBook/Neteagles/gtdhub/client/bower_components/angular/angular.js:3859
</failure>
      <failure type="">TypeError: &apos;undefined&apos; is not a constructor (evaluating &apos;new Tree(&apos;parent2&apos;)&apos;)
    at /Users/iBook/Neteagles/gtdhub/client/app/cards/tree/tree.service.spec.js:54
</failure>
    </testcase>
    <testcase name="should attach a list of things to the scope" time="0.002" classname="PhantomJS 1.9.7 (Mac OS X).Controller: MainCtrl">
      <failure type="">Error: [$injector:modulerr] Failed to instantiate module gtdhubApp due to:
Error: [$injector:modulerr] Failed to instantiate module contenteditable due to:
Error: [$injector:nomod] Module &apos;contenteditable&apos; is not available! You either misspelled the module name or forgot to load it. If registering a module ensure that you specify the dependencies as the second argument.
http://errors.angularjs.org/1.2.20/$injector/nomod?p0=contenteditable
    at /Users/iBook/Neteagles/gtdhub/client/bower_components/angular/angular.js:1651
    at ensure (/Users/iBook/Neteagles/gtdhub/client/bower_components/angular/angular.js:1573)
    at module (/Users/iBook/Neteagles/gtdhub/client/bower_components/angular/angular.js:1863)
    at /Users/iBook/Neteagles/gtdhub/client/bower_components/angular/angular.js:3830
http://errors.angularjs.org/1.2.20/$injector/modulerr?p0=contenteditable&amp;p1=Error%3A%20%5B%24injector%3Anomod%5D%20Module%20&apos;contenteditable&apos;%20is%20not%20available!%20You%20either%20misspelled%20the%20module%20name%20or%20forgot%20to%20load%20it.%20If%20registering%20a%20module%20ensure%20that%20you%20specify%20the%20dependencies%20as%20the%20second%20argument.%0Ahttp%3A%2F%2Ferrors.angularjs.org%2F1.2.20%2F%24injector%2Fnomod%3Fp0%3Dcontenteditable%0A%20%20%20%20at%20http%3A%2F%2Flocalhost%3A8080%2Fbase%2Fclient%2Fbower_components%2Fangular%2Fangular.js%3F4f18e0198a2e909d3ea4b4886ed0f486b23a9680%3A1651%0A%20%20%20%20at%20ensure%20(http%3A%2F%2Flocalhost%3A8080%2Fbase%2Fclient%2Fbower_components%2Fangular%2Fangular.js%3F4f18e0198a2e909d3ea4b4886ed0f486b23a9680%3A1573)%0A%20%20%20%20at%20module%20(http%3A%2F%2Flocalhost%3A8080%2Fbase%2Fclient%2Fbower_components%2Fangular%2Fangular.js%3F4f18e0198a2e909d3ea4b4886ed0f486b23a9680%3A1863)%0A%20%20%20%20at%20http%3A%2F%2Flocalhost%3A8080%2Fbase%2Fclient%2Fbower_components%2Fangular%2Fangular.js%3F4f18e0198a2e909d3ea4b4886ed0f486b23a9680%3A3830
    at /Users/iBook/Neteagles/gtdhub/client/bower_components/angular/angular.js:3859
http://errors.angularjs.org/1.2.20/$injector/modulerr?p0=gtdhubApp&amp;p1=Error%3A%20%5B%24injector%3Amodulerr%5D%20Failed%20to%20instantiate%20module%20contenteditable%20due%20to%3A%0AError%3A%20%5B%24injector%3Anomod%5D%20Module%20&apos;contenteditable&apos;%20is%20not%20available!%20You%20either%20misspelled%20the%20module%20name%20or%20forgot%20to%20load%20it.%20If%20registering%20a%20module%20ensure%20that%20you%20specify%20the%20dependencies%20as%20the%20second%20argument.%0Ahttp%3A%2F%2Ferrors.angularjs.org%2F1.2.20%2F%24injector%2Fnomod%3Fp0%3Dcontenteditable%0A%20%20%20%20at%20http%3A%2F%2Flocalhost%3A8080%2Fbase%2Fclient%2Fbower_components%2Fangular%2Fangular.js%3F4f18e0198a2e909d3ea4b4886ed0f486b23a9680%3A1651%0A%20%20%20%20at%20ensure%20(http%3A%2F%2Flocalhost%3A8080%2Fbase%2Fclient%2Fbower_components%2Fangular%2Fangular.js%3F4f18e0198a2e909d3ea4b4886ed0f486b23a9680%3A1573)%0A%20%20%20%20at%20module%20(http%3A%2F%2Flocalhost%3A8080%2Fbase%2Fclient%2Fbower_components%2Fangular%2Fangular.js%3F4f18e0198a2e909d3ea4b4886ed0f486b23a9680%3A1863)%0A%20%20%20%20at%20http%3A%2F%2Flocalhost%3A8080%2Fbase%2Fclient%2Fbower_components%2Fangular%2Fangular.js%3F4f18e0198a2e909d3ea4b4886ed0f486b23a9680%3A3830%0Ahttp%3A%2F%2Ferrors.angularjs.org%2F1.2.20%2F%24injector%2Fmodulerr%3Fp0%3Dcontenteditable%26p1%3DError%253A%2520%255B%2524injector%253Anomod%255D%2520Module%2520&apos;contenteditable&apos;%2520is%2520not%2520available!%2520You%2520either%2520misspelled%2520the%2520module%2520name%2520or%2520forgot%2520to%2520load%2520it.%2520If%2520registering%2520a%2520module%2520ensure%2520that%2520you%2520specify%2520the%2520dependencies%2520as%2520the%2520second%2520argument.%250Ahttp%253A%252F%252Ferrors.angularjs.org%252F1.2.20%252F%2524injector%252Fnomod%253Fp0%253Dcontenteditable%250A%2520%2520%2520%2520at%2520http%253A%252F%252Flocalhost%253A8080%252Fbase%252Fclient%252Fbower_components%252Fangular%252Fangular.js%253F4f18e0198a2e909d3ea4b4886ed0f486b23a9680%253A1651%250A%2520%2520%2520%2520at%2520ensure%2520(http%253A%252F%252Flocalhost%253A8080%252Fbase%252Fclient%252Fbower_components%252Fangular%252Fangular.js%253F4f18e0198a2e909d3ea4b4886ed0f486b23a9680%253A1573)%250A%2520%2520%2520%2520at%2520module%2520(http%253A%252F%252Flocalhost%253A8080%252Fbase%252Fclient%252Fbower_components%252Fangular%252Fangular.js%253F4f18e0198a2e909d3ea4b4886ed0f486b23a9680%253A1863)%250A%2520%2520%2520%2520at%2520http%253A%252F%252Flocalhost%253A8080%252Fbase%252Fclient%252Fbower_components%252Fangular%252Fangular.js%253F4f18e0198a2e909d3ea4b4886ed0f486b23a9680%253A3830%0A%20%20%20%20at%20http%3A%2F%2Flocalhost%3A8080%2Fbase%2Fclient%2Fbower_components%2Fangular%2Fangular.js%3F4f18e0198a2e909d3ea4b4886ed0f486b23a9680%3A3859
    at /Users/iBook/Neteagles/gtdhub/client/bower_components/angular/angular.js:3859
</failure>
      <failure type="">TypeError: &apos;undefined&apos; is not an object (evaluating &apos;$httpBackend.flush&apos;)
    at /Users/iBook/Neteagles/gtdhub/client/app/main/main.controller.spec.js:18
</failure>
    </testcase>
    <testcase name="should do something" time="0.001" classname="PhantomJS 1.9.7 (Mac OS X).Service: Hierarhy">
      <failure type="">Error: [$injector:modulerr] Failed to instantiate module gtdhubApp due to:
Error: [$injector:modulerr] Failed to instantiate module contenteditable due to:
Error: [$injector:nomod] Module &apos;contenteditable&apos; is not available! You either misspelled the module name or forgot to load it. If registering a module ensure that you specify the dependencies as the second argument.
http://errors.angularjs.org/1.2.20/$injector/nomod?p0=contenteditable
    at /Users/iBook/Neteagles/gtdhub/client/bower_components/angular/angular.js:1651
    at ensure (/Users/iBook/Neteagles/gtdhub/client/bower_components/angular/angular.js:1573)
    at module (/Users/iBook/Neteagles/gtdhub/client/bower_components/angular/angular.js:1863)
    at /Users/iBook/Neteagles/gtdhub/client/bower_components/angular/angular.js:3830
http://errors.angularjs.org/1.2.20/$injector/modulerr?p0=contenteditable&amp;p1=Error%3A%20%5B%24injector%3Anomod%5D%20Module%20&apos;contenteditable&apos;%20is%20not%20available!%20You%20either%20misspelled%20the%20module%20name%20or%20forgot%20to%20load%20it.%20If%20registering%20a%20module%20ensure%20that%20you%20specify%20the%20dependencies%20as%20the%20second%20argument.%0Ahttp%3A%2F%2Ferrors.angularjs.org%2F1.2.20%2F%24injector%2Fnomod%3Fp0%3Dcontenteditable%0A%20%20%20%20at%20http%3A%2F%2Flocalhost%3A8080%2Fbase%2Fclient%2Fbower_components%2Fangular%2Fangular.js%3F4f18e0198a2e909d3ea4b4886ed0f486b23a9680%3A1651%0A%20%20%20%20at%20ensure%20(http%3A%2F%2Flocalhost%3A8080%2Fbase%2Fclient%2Fbower_components%2Fangular%2Fangular.js%3F4f18e0198a2e909d3ea4b4886ed0f486b23a9680%3A1573)%0A%20%20%20%20at%20module%20(http%3A%2F%2Flocalhost%3A8080%2Fbase%2Fclient%2Fbower_components%2Fangular%2Fangular.js%3F4f18e0198a2e909d3ea4b4886ed0f486b23a9680%3A1863)%0A%20%20%20%20at%20http%3A%2F%2Flocalhost%3A8080%2Fbase%2Fclient%2Fbower_components%2Fangular%2Fangular.js%3F4f18e0198a2e909d3ea4b4886ed0f486b23a9680%3A3830
    at /Users/iBook/Neteagles/gtdhub/client/bower_components/angular/angular.js:3859
http://errors.angularjs.org/1.2.20/$injector/modulerr?p0=gtdhubApp&amp;p1=Error%3A%20%5B%24injector%3Amodulerr%5D%20Failed%20to%20instantiate%20module%20contenteditable%20due%20to%3A%0AError%3A%20%5B%24injector%3Anomod%5D%20Module%20&apos;contenteditable&apos;%20is%20not%20available!%20You%20either%20misspelled%20the%20module%20name%20or%20forgot%20to%20load%20it.%20If%20registering%20a%20module%20ensure%20that%20you%20specify%20the%20dependencies%20as%20the%20second%20argument.%0Ahttp%3A%2F%2Ferrors.angularjs.org%2F1.2.20%2F%24injector%2Fnomod%3Fp0%3Dcontenteditable%0A%20%20%20%20at%20http%3A%2F%2Flocalhost%3A8080%2Fbase%2Fclient%2Fbower_components%2Fangular%2Fangular.js%3F4f18e0198a2e909d3ea4b4886ed0f486b23a9680%3A1651%0A%20%20%20%20at%20ensure%20(http%3A%2F%2Flocalhost%3A8080%2Fbase%2Fclient%2Fbower_components%2Fangular%2Fangular.js%3F4f18e0198a2e909d3ea4b4886ed0f486b23a9680%3A1573)%0A%20%20%20%20at%20module%20(http%3A%2F%2Flocalhost%3A8080%2Fbase%2Fclient%2Fbower_components%2Fangular%2Fangular.js%3F4f18e0198a2e909d3ea4b4886ed0f486b23a9680%3A1863)%0A%20%20%20%20at%20http%3A%2F%2Flocalhost%3A8080%2Fbase%2Fclient%2Fbower_components%2Fangular%2Fangular.js%3F4f18e0198a2e909d3ea4b4886ed0f486b23a9680%3A3830%0Ahttp%3A%2F%2Ferrors.angularjs.org%2F1.2.20%2F%24injector%2Fmodulerr%3Fp0%3Dcontenteditable%26p1%3DError%253A%2520%255B%2524injector%253Anomod%255D%2520Module%2520&apos;contenteditable&apos;%2520is%2520not%2520available!%2520You%2520either%2520misspelled%2520the%2520module%2520name%2520or%2520forgot%2520to%2520load%2520it.%2520If%2520registering%2520a%2520module%2520ensure%2520that%2520you%2520specify%2520the%2520dependencies%2520as%2520the%2520second%2520argument.%250Ahttp%253A%252F%252Ferrors.angularjs.org%252F1.2.20%252F%2524injector%252Fnomod%253Fp0%253Dcontenteditable%250A%2520%2520%2520%2520at%2520http%253A%252F%252Flocalhost%253A8080%252Fbase%252Fclient%252Fbower_components%252Fangular%252Fangular.js%253F4f18e0198a2e909d3ea4b4886ed0f486b23a9680%253A1651%250A%2520%2520%2520%2520at%2520ensure%2520(http%253A%252F%252Flocalhost%253A8080%252Fbase%252Fclient%252Fbower_components%252Fangular%252Fangular.js%253F4f18e0198a2e909d3ea4b4886ed0f486b23a9680%253A1573)%250A%2520%2520%2520%2520at%2520module%2520(http%253A%252F%252Flocalhost%253A8080%252Fbase%252Fclient%252Fbower_components%252Fangular%252Fangular.js%253F4f18e0198a2e909d3ea4b4886ed0f486b23a9680%253A1863)%250A%2520%2520%2520%2520at%2520http%253A%252F%252Flocalhost%253A8080%252Fbase%252Fclient%252Fbower_components%252Fangular%252Fangular.js%253F4f18e0198a2e909d3ea4b4886ed0f486b23a9680%253A3830%0A%20%20%20%20at%20http%3A%2F%2Flocalhost%3A8080%2Fbase%2Fclient%2Fbower_components%2Fangular%2Fangular.js%3F4f18e0198a2e909d3ea4b4886ed0f486b23a9680%3A3859
    at /Users/iBook/Neteagles/gtdhub/client/bower_components/angular/angular.js:3859
</failure>
      <failure type="">Expected false to be true.
</failure>
    </testcase>
    <testcase name="should do something" time="0.001" classname="PhantomJS 1.9.7 (Mac OS X).Service: Id">
      <failure type="">Error: [$injector:modulerr] Failed to instantiate module gtdhubApp due to:
Error: [$injector:modulerr] Failed to instantiate module contenteditable due to:
Error: [$injector:nomod] Module &apos;contenteditable&apos; is not available! You either misspelled the module name or forgot to load it. If registering a module ensure that you specify the dependencies as the second argument.
http://errors.angularjs.org/1.2.20/$injector/nomod?p0=contenteditable
    at /Users/iBook/Neteagles/gtdhub/client/bower_components/angular/angular.js:1651
    at ensure (/Users/iBook/Neteagles/gtdhub/client/bower_components/angular/angular.js:1573)
    at module (/Users/iBook/Neteagles/gtdhub/client/bower_components/angular/angular.js:1863)
    at /Users/iBook/Neteagles/gtdhub/client/bower_components/angular/angular.js:3830
http://errors.angularjs.org/1.2.20/$injector/modulerr?p0=contenteditable&amp;p1=Error%3A%20%5B%24injector%3Anomod%5D%20Module%20&apos;contenteditable&apos;%20is%20not%20available!%20You%20either%20misspelled%20the%20module%20name%20or%20forgot%20to%20load%20it.%20If%20registering%20a%20module%20ensure%20that%20you%20specify%20the%20dependencies%20as%20the%20second%20argument.%0Ahttp%3A%2F%2Ferrors.angularjs.org%2F1.2.20%2F%24injector%2Fnomod%3Fp0%3Dcontenteditable%0A%20%20%20%20at%20http%3A%2F%2Flocalhost%3A8080%2Fbase%2Fclient%2Fbower_components%2Fangular%2Fangular.js%3F4f18e0198a2e909d3ea4b4886ed0f486b23a9680%3A1651%0A%20%20%20%20at%20ensure%20(http%3A%2F%2Flocalhost%3A8080%2Fbase%2Fclient%2Fbower_components%2Fangular%2Fangular.js%3F4f18e0198a2e909d3ea4b4886ed0f486b23a9680%3A1573)%0A%20%20%20%20at%20module%20(http%3A%2F%2Flocalhost%3A8080%2Fbase%2Fclient%2Fbower_components%2Fangular%2Fangular.js%3F4f18e0198a2e909d3ea4b4886ed0f486b23a9680%3A1863)%0A%20%20%20%20at%20http%3A%2F%2Flocalhost%3A8080%2Fbase%2Fclient%2Fbower_components%2Fangular%2Fangular.js%3F4f18e0198a2e909d3ea4b4886ed0f486b23a9680%3A3830
    at /Users/iBook/Neteagles/gtdhub/client/bower_components/angular/angular.js:3859
http://errors.angularjs.org/1.2.20/$injector/modulerr?p0=gtdhubApp&amp;p1=Error%3A%20%5B%24injector%3Amodulerr%5D%20Failed%20to%20instantiate%20module%20contenteditable%20due%20to%3A%0AError%3A%20%5B%24injector%3Anomod%5D%20Module%20&apos;contenteditable&apos;%20is%20not%20available!%20You%20either%20misspelled%20the%20module%20name%20or%20forgot%20to%20load%20it.%20If%20registering%20a%20module%20ensure%20that%20you%20specify%20the%20dependencies%20as%20the%20second%20argument.%0Ahttp%3A%2F%2Ferrors.angularjs.org%2F1.2.20%2F%24injector%2Fnomod%3Fp0%3Dcontenteditable%0A%20%20%20%20at%20http%3A%2F%2Flocalhost%3A8080%2Fbase%2Fclient%2Fbower_components%2Fangular%2Fangular.js%3F4f18e0198a2e909d3ea4b4886ed0f486b23a9680%3A1651%0A%20%20%20%20at%20ensure%20(http%3A%2F%2Flocalhost%3A8080%2Fbase%2Fclient%2Fbower_components%2Fangular%2Fangular.js%3F4f18e0198a2e909d3ea4b4886ed0f486b23a9680%3A1573)%0A%20%20%20%20at%20module%20(http%3A%2F%2Flocalhost%3A8080%2Fbase%2Fclient%2Fbower_components%2Fangular%2Fangular.js%3F4f18e0198a2e909d3ea4b4886ed0f486b23a9680%3A1863)%0A%20%20%20%20at%20http%3A%2F%2Flocalhost%3A8080%2Fbase%2Fclient%2Fbower_components%2Fangular%2Fangular.js%3F4f18e0198a2e909d3ea4b4886ed0f486b23a9680%3A3830%0Ahttp%3A%2F%2Ferrors.angularjs.org%2F1.2.20%2F%24injector%2Fmodulerr%3Fp0%3Dcontenteditable%26p1%3DError%253A%2520%255B%2524injector%253Anomod%255D%2520Module%2520&apos;contenteditable&apos;%2520is%2520not%2520available!%2520You%2520either%2520misspelled%2520the%2520module%2520name%2520or%2520forgot%2520to%2520load%2520it.%2520If%2520registering%2520a%2520module%2520ensure%2520that%2520you%2520specify%2520the%2520dependencies%2520as%2520the%2520second%2520argument.%250Ahttp%253A%252F%252Ferrors.angularjs.org%252F1.2.20%252F%2524injector%252Fnomod%253Fp0%253Dcontenteditable%250A%2520%2520%2520%2520at%2520http%253A%252F%252Flocalhost%253A8080%252Fbase%252Fclient%252Fbower_components%252Fangular%252Fangular.js%253F4f18e0198a2e909d3ea4b4886ed0f486b23a9680%253A1651%250A%2520%2520%2520%2520at%2520ensure%2520(http%253A%252F%252Flocalhost%253A8080%252Fbase%252Fclient%252Fbower_components%252Fangular%252Fangular.js%253F4f18e0198a2e909d3ea4b4886ed0f486b23a9680%253A1573)%250A%2520%2520%2520%2520at%2520module%2520(http%253A%252F%252Flocalhost%253A8080%252Fbase%252Fclient%252Fbower_components%252Fangular%252Fangular.js%253F4f18e0198a2e909d3ea4b4886ed0f486b23a9680%253A1863)%250A%2520%2520%2520%2520at%2520http%253A%252F%252Flocalhost%253A8080%252Fbase%252Fclient%252Fbower_components%252Fangular%252Fangular.js%253F4f18e0198a2e909d3ea4b4886ed0f486b23a9680%253A3830%0A%20%20%20%20at%20http%3A%2F%2Flocalhost%3A8080%2Fbase%2Fclient%2Fbower_components%2Fangular%2Fangular.js%3F4f18e0198a2e909d3ea4b4886ed0f486b23a9680%3A3859
    at /Users/iBook/Neteagles/gtdhub/client/bower_components/angular/angular.js:3859
</failure>
      <failure type="">Expected false to be true.
</failure>
    </testcase>
    <testcase name="increment" time="0.002" classname="PhantomJS 1.9.7 (Mac OS X).Service: Id">
      <failure type="">Error: [$injector:modulerr] Failed to instantiate module gtdhubApp due to:
Error: [$injector:modulerr] Failed to instantiate module contenteditable due to:
Error: [$injector:nomod] Module &apos;contenteditable&apos; is not available! You either misspelled the module name or forgot to load it. If registering a module ensure that you specify the dependencies as the second argument.
http://errors.angularjs.org/1.2.20/$injector/nomod?p0=contenteditable
    at /Users/iBook/Neteagles/gtdhub/client/bower_components/angular/angular.js:1651
    at ensure (/Users/iBook/Neteagles/gtdhub/client/bower_components/angular/angular.js:1573)
    at module (/Users/iBook/Neteagles/gtdhub/client/bower_components/angular/angular.js:1863)
    at /Users/iBook/Neteagles/gtdhub/client/bower_components/angular/angular.js:3830
http://errors.angularjs.org/1.2.20/$injector/modulerr?p0=contenteditable&amp;p1=Error%3A%20%5B%24injector%3Anomod%5D%20Module%20&apos;contenteditable&apos;%20is%20not%20available!%20You%20either%20misspelled%20the%20module%20name%20or%20forgot%20to%20load%20it.%20If%20registering%20a%20module%20ensure%20that%20you%20specify%20the%20dependencies%20as%20the%20second%20argument.%0Ahttp%3A%2F%2Ferrors.angularjs.org%2F1.2.20%2F%24injector%2Fnomod%3Fp0%3Dcontenteditable%0A%20%20%20%20at%20http%3A%2F%2Flocalhost%3A8080%2Fbase%2Fclient%2Fbower_components%2Fangular%2Fangular.js%3F4f18e0198a2e909d3ea4b4886ed0f486b23a9680%3A1651%0A%20%20%20%20at%20ensure%20(http%3A%2F%2Flocalhost%3A8080%2Fbase%2Fclient%2Fbower_components%2Fangular%2Fangular.js%3F4f18e0198a2e909d3ea4b4886ed0f486b23a9680%3A1573)%0A%20%20%20%20at%20module%20(http%3A%2F%2Flocalhost%3A8080%2Fbase%2Fclient%2Fbower_components%2Fangular%2Fangular.js%3F4f18e0198a2e909d3ea4b4886ed0f486b23a9680%3A1863)%0A%20%20%20%20at%20http%3A%2F%2Flocalhost%3A8080%2Fbase%2Fclient%2Fbower_components%2Fangular%2Fangular.js%3F4f18e0198a2e909d3ea4b4886ed0f486b23a9680%3A3830
    at /Users/iBook/Neteagles/gtdhub/client/bower_components/angular/angular.js:3859
http://errors.angularjs.org/1.2.20/$injector/modulerr?p0=gtdhubApp&amp;p1=Error%3A%20%5B%24injector%3Amodulerr%5D%20Failed%20to%20instantiate%20module%20contenteditable%20due%20to%3A%0AError%3A%20%5B%24injector%3Anomod%5D%20Module%20&apos;contenteditable&apos;%20is%20not%20available!%20You%20either%20misspelled%20the%20module%20name%20or%20forgot%20to%20load%20it.%20If%20registering%20a%20module%20ensure%20that%20you%20specify%20the%20dependencies%20as%20the%20second%20argument.%0Ahttp%3A%2F%2Ferrors.angularjs.org%2F1.2.20%2F%24injector%2Fnomod%3Fp0%3Dcontenteditable%0A%20%20%20%20at%20http%3A%2F%2Flocalhost%3A8080%2Fbase%2Fclient%2Fbower_components%2Fangular%2Fangular.js%3F4f18e0198a2e909d3ea4b4886ed0f486b23a9680%3A1651%0A%20%20%20%20at%20ensure%20(http%3A%2F%2Flocalhost%3A8080%2Fbase%2Fclient%2Fbower_components%2Fangular%2Fangular.js%3F4f18e0198a2e909d3ea4b4886ed0f486b23a9680%3A1573)%0A%20%20%20%20at%20module%20(http%3A%2F%2Flocalhost%3A8080%2Fbase%2Fclient%2Fbower_components%2Fangular%2Fangular.js%3F4f18e0198a2e909d3ea4b4886ed0f486b23a9680%3A1863)%0A%20%20%20%20at%20http%3A%2F%2Flocalhost%3A8080%2Fbase%2Fclient%2Fbower_components%2Fangular%2Fangular.js%3F4f18e0198a2e909d3ea4b4886ed0f486b23a9680%3A3830%0Ahttp%3A%2F%2Ferrors.angularjs.org%2F1.2.20%2F%24injector%2Fmodulerr%3Fp0%3Dcontenteditable%26p1%3DError%253A%2520%255B%2524injector%253Anomod%255D%2520Module%2520&apos;contenteditable&apos;%2520is%2520not%2520available!%2520You%2520either%2520misspelled%2520the%2520module%2520name%2520or%2520forgot%2520to%2520load%2520it.%2520If%2520registering%2520a%2520module%2520ensure%2520that%2520you%2520specify%2520the%2520dependencies%2520as%2520the%2520second%2520argument.%250Ahttp%253A%252F%252Ferrors.angularjs.org%252F1.2.20%252F%2524injector%252Fnomod%253Fp0%253Dcontenteditable%250A%2520%2520%2520%2520at%2520http%253A%252F%252Flocalhost%253A8080%252Fbase%252Fclient%252Fbower_components%252Fangular%252Fangular.js%253F4f18e0198a2e909d3ea4b4886ed0f486b23a9680%253A1651%250A%2520%2520%2520%2520at%2520ensure%2520(http%253A%252F%252Flocalhost%253A8080%252Fbase%252Fclient%252Fbower_components%252Fangular%252Fangular.js%253F4f18e0198a2e909d3ea4b4886ed0f486b23a9680%253A1573)%250A%2520%2520%2520%2520at%2520module%2520(http%253A%252F%252Flocalhost%253A8080%252Fbase%252Fclient%252Fbower_components%252Fangular%252Fangular.js%253F4f18e0198a2e909d3ea4b4886ed0f486b23a9680%253A1863)%250A%2520%2520%2520%2520at%2520http%253A%252F%252Flocalhost%253A8080%252Fbase%252Fclient%252Fbower_components%252Fangular%252Fangular.js%253F4f18e0198a2e909d3ea4b4886ed0f486b23a9680%253A3830%0A%20%20%20%20at%20http%3A%2F%2Flocalhost%3A8080%2Fbase%2Fclient%2Fbower_components%2Fangular%2Fangular.js%3F4f18e0198a2e909d3ea4b4886ed0f486b23a9680%3A3859
    at /Users/iBook/Neteagles/gtdhub/client/bower_components/angular/angular.js:3859
</failure>
      <failure type="">TypeError: &apos;undefined&apos; is not an object (evaluating &apos;Id.get&apos;)
    at /Users/iBook/Neteagles/gtdhub/client/components/id/Id/Id.service.spec.js:13
</failure>
    </testcase>
    <testcase name="increment again" time="0.001" classname="PhantomJS 1.9.7 (Mac OS X).Service: Id">
      <failure type="">Error: [$injector:modulerr] Failed to instantiate module gtdhubApp due to:
Error: [$injector:modulerr] Failed to instantiate module contenteditable due to:
Error: [$injector:nomod] Module &apos;contenteditable&apos; is not available! You either misspelled the module name or forgot to load it. If registering a module ensure that you specify the dependencies as the second argument.
http://errors.angularjs.org/1.2.20/$injector/nomod?p0=contenteditable
    at /Users/iBook/Neteagles/gtdhub/client/bower_components/angular/angular.js:1651
    at ensure (/Users/iBook/Neteagles/gtdhub/client/bower_components/angular/angular.js:1573)
    at module (/Users/iBook/Neteagles/gtdhub/client/bower_components/angular/angular.js:1863)
    at /Users/iBook/Neteagles/gtdhub/client/bower_components/angular/angular.js:3830
http://errors.angularjs.org/1.2.20/$injector/modulerr?p0=contenteditable&amp;p1=Error%3A%20%5B%24injector%3Anomod%5D%20Module%20&apos;contenteditable&apos;%20is%20not%20available!%20You%20either%20misspelled%20the%20module%20name%20or%20forgot%20to%20load%20it.%20If%20registering%20a%20module%20ensure%20that%20you%20specify%20the%20dependencies%20as%20the%20second%20argument.%0Ahttp%3A%2F%2Ferrors.angularjs.org%2F1.2.20%2F%24injector%2Fnomod%3Fp0%3Dcontenteditable%0A%20%20%20%20at%20http%3A%2F%2Flocalhost%3A8080%2Fbase%2Fclient%2Fbower_components%2Fangular%2Fangular.js%3F4f18e0198a2e909d3ea4b4886ed0f486b23a9680%3A1651%0A%20%20%20%20at%20ensure%20(http%3A%2F%2Flocalhost%3A8080%2Fbase%2Fclient%2Fbower_components%2Fangular%2Fangular.js%3F4f18e0198a2e909d3ea4b4886ed0f486b23a9680%3A1573)%0A%20%20%20%20at%20module%20(http%3A%2F%2Flocalhost%3A8080%2Fbase%2Fclient%2Fbower_components%2Fangular%2Fangular.js%3F4f18e0198a2e909d3ea4b4886ed0f486b23a9680%3A1863)%0A%20%20%20%20at%20http%3A%2F%2Flocalhost%3A8080%2Fbase%2Fclient%2Fbower_components%2Fangular%2Fangular.js%3F4f18e0198a2e909d3ea4b4886ed0f486b23a9680%3A3830
    at /Users/iBook/Neteagles/gtdhub/client/bower_components/angular/angular.js:3859
http://errors.angularjs.org/1.2.20/$injector/modulerr?p0=gtdhubApp&amp;p1=Error%3A%20%5B%24injector%3Amodulerr%5D%20Failed%20to%20instantiate%20module%20contenteditable%20due%20to%3A%0AError%3A%20%5B%24injector%3Anomod%5D%20Module%20&apos;contenteditable&apos;%20is%20not%20available!%20You%20either%20misspelled%20the%20module%20name%20or%20forgot%20to%20load%20it.%20If%20registering%20a%20module%20ensure%20that%20you%20specify%20the%20dependencies%20as%20the%20second%20argument.%0Ahttp%3A%2F%2Ferrors.angularjs.org%2F1.2.20%2F%24injector%2Fnomod%3Fp0%3Dcontenteditable%0A%20%20%20%20at%20http%3A%2F%2Flocalhost%3A8080%2Fbase%2Fclient%2Fbower_components%2Fangular%2Fangular.js%3F4f18e0198a2e909d3ea4b4886ed0f486b23a9680%3A1651%0A%20%20%20%20at%20ensure%20(http%3A%2F%2Flocalhost%3A8080%2Fbase%2Fclient%2Fbower_components%2Fangular%2Fangular.js%3F4f18e0198a2e909d3ea4b4886ed0f486b23a9680%3A1573)%0A%20%20%20%20at%20module%20(http%3A%2F%2Flocalhost%3A8080%2Fbase%2Fclient%2Fbower_components%2Fangular%2Fangular.js%3F4f18e0198a2e909d3ea4b4886ed0f486b23a9680%3A1863)%0A%20%20%20%20at%20http%3A%2F%2Flocalhost%3A8080%2Fbase%2Fclient%2Fbower_components%2Fangular%2Fangular.js%3F4f18e0198a2e909d3ea4b4886ed0f486b23a9680%3A3830%0Ahttp%3A%2F%2Ferrors.angularjs.org%2F1.2.20%2F%24injector%2Fmodulerr%3Fp0%3Dcontenteditable%26p1%3DError%253A%2520%255B%2524injector%253Anomod%255D%2520Module%2520&apos;contenteditable&apos;%2520is%2520not%2520available!%2520You%2520either%2520misspelled%2520the%2520module%2520name%2520or%2520forgot%2520to%2520load%2520it.%2520If%2520registering%2520a%2520module%2520ensure%2520that%2520you%2520specify%2520the%2520dependencies%2520as%2520the%2520second%2520argument.%250Ahttp%253A%252F%252Ferrors.angularjs.org%252F1.2.20%252F%2524injector%252Fnomod%253Fp0%253Dcontenteditable%250A%2520%2520%2520%2520at%2520http%253A%252F%252Flocalhost%253A8080%252Fbase%252Fclient%252Fbower_components%252Fangular%252Fangular.js%253F4f18e0198a2e909d3ea4b4886ed0f486b23a9680%253A1651%250A%2520%2520%2520%2520at%2520ensure%2520(http%253A%252F%252Flocalhost%253A8080%252Fbase%252Fclient%252Fbower_components%252Fangular%252Fangular.js%253F4f18e0198a2e909d3ea4b4886ed0f486b23a9680%253A1573)%250A%2520%2520%2520%2520at%2520module%2520(http%253A%252F%252Flocalhost%253A8080%252Fbase%252Fclient%252Fbower_components%252Fangular%252Fangular.js%253F4f18e0198a2e909d3ea4b4886ed0f486b23a9680%253A1863)%250A%2520%2520%2520%2520at%2520http%253A%252F%252Flocalhost%253A8080%252Fbase%252Fclient%252Fbower_components%252Fangular%252Fangular.js%253F4f18e0198a2e909d3ea4b4886ed0f486b23a9680%253A3830%0A%20%20%20%20at%20http%3A%2F%2Flocalhost%3A8080%2Fbase%2Fclient%2Fbower_components%2Fangular%2Fangular.js%3F4f18e0198a2e909d3ea4b4886ed0f486b23a9680%3A3859
    at /Users/iBook/Neteagles/gtdhub/client/bower_components/angular/angular.js:3859
</failure>
      <failure type="">TypeError: &apos;undefined&apos; is not an object (evaluating &apos;Id.get&apos;)
    at /Users/iBook/Neteagles/gtdhub/client/components/id/Id/Id.service.spec.js:16
</failure>
    </testcase>
    <system-out><![CDATA[
]]></system-out>
    <system-err/>
  </testsuite>
</testsuites>
